Archive member included because of file (symbol)

C:\Users\skalp\AppData\Local\Temp\arduino\cores\2ec4ba2fe5f9cdf526d35dea110c53c8\core.a(HardwareSerial.cpp.o)
                              C:\Users\skalp\AppData\Local\Temp\arduino\sketches\C992900473494E199A76976220CAE62A\core\board.cpp.o (HardwareSerial::HardwareSerial(usart_dev*, unsigned char, unsigned char))
C:\Users\skalp\AppData\Local\Temp\arduino\cores\2ec4ba2fe5f9cdf526d35dea110c53c8\core.a(Print.cpp.o)
                              C:\Users\skalp\AppData\Local\Temp\arduino\sketches\C992900473494E199A76976220CAE62A\libraries\LiquidCrystal\LiquidCrystal.cpp.o (Print::write(void const*, unsigned long))
C:\Users\skalp\AppData\Local\Temp\arduino\cores\2ec4ba2fe5f9cdf526d35dea110c53c8\core.a(WString.cpp.o)
                              C:\Users\skalp\AppData\Local\Temp\arduino\sketches\C992900473494E199A76976220CAE62A\libraries\TM1637_6D-master\TM1637_6D.cpp.o (String::~String())
C:\Users\skalp\AppData\Local\Temp\arduino\cores\2ec4ba2fe5f9cdf526d35dea110c53c8\core.a(dtostrf.c.o)
                              C:\Users\skalp\AppData\Local\Temp\arduino\cores\2ec4ba2fe5f9cdf526d35dea110c53c8\core.a(WString.cpp.o) (dtostrf)
C:\Users\skalp\AppData\Local\Temp\arduino\cores\2ec4ba2fe5f9cdf526d35dea110c53c8\core.a(cxxabi-compat.cpp.o)
                              C:\Users\skalp\AppData\Local\Temp\arduino\cores\2ec4ba2fe5f9cdf526d35dea110c53c8\core.a(HardwareSerial.cpp.o) (__cxa_pure_virtual)
C:\Users\skalp\AppData\Local\Temp\arduino\cores\2ec4ba2fe5f9cdf526d35dea110c53c8\core.a(itoa.c.o)
                              C:\Users\skalp\AppData\Local\Temp\arduino\cores\2ec4ba2fe5f9cdf526d35dea110c53c8\core.a(WString.cpp.o) (ltoa)
C:\Users\skalp\AppData\Local\Temp\arduino\cores\2ec4ba2fe5f9cdf526d35dea110c53c8\core.a(adc.c.o)
                              C:\Users\skalp\AppData\Local\Temp\arduino\sketches\C992900473494E199A76976220CAE62A\core\wirish\boards.cpp.o (adc_set_sample_rate)
C:\Users\skalp\AppData\Local\Temp\arduino\cores\2ec4ba2fe5f9cdf526d35dea110c53c8\core.a(adc_f1.c.o)
                              (__irq_adc)
C:\Users\skalp\AppData\Local\Temp\arduino\cores\2ec4ba2fe5f9cdf526d35dea110c53c8\core.a(dma_f1.c.o)
                              (__irq_dma1_channel1)
C:\Users\skalp\AppData\Local\Temp\arduino\cores\2ec4ba2fe5f9cdf526d35dea110c53c8\core.a(exc.S.o)
                              (__exc_nmi)
C:\Users\skalp\AppData\Local\Temp\arduino\cores\2ec4ba2fe5f9cdf526d35dea110c53c8\core.a(exti.c.o)
                              (__irq_exti0)
C:\Users\skalp\AppData\Local\Temp\arduino\cores\2ec4ba2fe5f9cdf526d35dea110c53c8\core.a(exti_f1.c.o)
                              C:\Users\skalp\AppData\Local\Temp\arduino\cores\2ec4ba2fe5f9cdf526d35dea110c53c8\core.a(exti.c.o) (exti_select)
C:\Users\skalp\AppData\Local\Temp\arduino\cores\2ec4ba2fe5f9cdf526d35dea110c53c8\core.a(flash.c.o)
                              C:\Users\skalp\AppData\Local\Temp\arduino\sketches\C992900473494E199A76976220CAE62A\core\wirish\boards.cpp.o (flash_set_latency)
C:\Users\skalp\AppData\Local\Temp\arduino\cores\2ec4ba2fe5f9cdf526d35dea110c53c8\core.a(gpio_f1.c.o)
                              C:\Users\skalp\AppData\Local\Temp\arduino\sketches\C992900473494E199A76976220CAE62A\core\wirish\boards_setup.cpp.o (gpio_init_all)
C:\Users\skalp\AppData\Local\Temp\arduino\cores\2ec4ba2fe5f9cdf526d35dea110c53c8\core.a(i2c_f1.c.o)
                              (__irq_i2c1_ev)
C:\Users\skalp\AppData\Local\Temp\arduino\cores\2ec4ba2fe5f9cdf526d35dea110c53c8\core.a(nvic.c.o)
                              C:\Users\skalp\AppData\Local\Temp\arduino\cores\2ec4ba2fe5f9cdf526d35dea110c53c8\core.a(i2c_f1.c.o) (nvic_irq_set_priority)
C:\Users\skalp\AppData\Local\Temp\arduino\cores\2ec4ba2fe5f9cdf526d35dea110c53c8\core.a(rcc.c.o)
                              C:\Users\skalp\AppData\Local\Temp\arduino\sketches\C992900473494E199A76976220CAE62A\core\wirish\boards.cpp.o (rcc_switch_sysclk)
C:\Users\skalp\AppData\Local\Temp\arduino\cores\2ec4ba2fe5f9cdf526d35dea110c53c8\core.a(rcc_f1.c.o)
                              C:\Users\skalp\AppData\Local\Temp\arduino\sketches\C992900473494E199A76976220CAE62A\core\wirish\boards.cpp.o (rcc_configure_pll)
C:\Users\skalp\AppData\Local\Temp\arduino\cores\2ec4ba2fe5f9cdf526d35dea110c53c8\core.a(isrs.S.o)
                              (__stm32reservedexception7)
C:\Users\skalp\AppData\Local\Temp\arduino\cores\2ec4ba2fe5f9cdf526d35dea110c53c8\core.a(vector_table.S.o)
                              (__stm32_vector_table)
C:\Users\skalp\AppData\Local\Temp\arduino\cores\2ec4ba2fe5f9cdf526d35dea110c53c8\core.a(systick.c.o)
                              C:\Users\skalp\AppData\Local\Temp\arduino\sketches\C992900473494E199A76976220CAE62A\core\wirish\boards.cpp.o (systick_init)
C:\Users\skalp\AppData\Local\Temp\arduino\cores\2ec4ba2fe5f9cdf526d35dea110c53c8\core.a(timer.c.o)
[...]
Memory Configuration

Name             Origin             Length             Attributes
ram              0x20000000         0x00005000         xrw
rom              0x08000000         0x00010000         xr
*default*        0x00000000         0xffffffff

Linker script and memory map

LOAD c:/users/skalp/appdata/local/arduino15/packages/arduino/tools/arm-none-eabi-gcc/4.8.3-2014q1/bin/../lib/gcc/arm-none-eabi/4.8.3/armv7-m/crti.o
LOAD c:/users/skalp/appdata/local/arduino15/packages/arduino/tools/arm-none-eabi-gcc/4.8.3-2014q1/bin/../lib/gcc/arm-none-eabi/4.8.3/armv7-m/crtbegin.o
LOAD c:/users/skalp/appdata/local/arduino15/packages/arduino/tools/arm-none-eabi-gcc/4.8.3-2014q1/bin/../lib/gcc/arm-none-eabi/4.8.3/../../../../arm-none-eabi/lib/armv7-m/crt0.o
LOAD c:/users/skalp/appdata/local/arduino15/packages/arduino/tools/arm-none-eabi-gcc/4.8.3-2014q1/bin/../lib/gcc/arm-none-eabi/4.8.3/armv7-m\libgcc.a
START GROUP
LOAD C:\Users\skalp\AppData\Local\Temp\arduino\sketches\C992900473494E199A76976220CAE62A\sketch\sketch_jul11c.ino.cpp.o
LOAD C:\Users\skalp\AppData\Local\Temp\arduino\sketches\C992900473494E199A76976220CAE62A\libraries\LiquidCrystal\LiquidCrystal.cpp.o
LOAD C:\Users\skalp\AppData\Local\Temp\arduino\sketches\C992900473494E199A76976220CAE62A\libraries\HX711_Arduino_Library\HX711.cpp.o
LOAD C:\Users\skalp\AppData\Local\Temp\arduino\sketches\C992900473494E199A76976220CAE62A\libraries\TM1637_6D-master\TM1637_6D.cpp.o
LOAD C:\Users\skalp\AppData\Local\Temp\arduino\sketches\C992900473494E199A76976220CAE62A\core\board.cpp.o
LOAD C:\Users\skalp\AppData\Local\Temp\arduino\sketches\C992900473494E199A76976220CAE62A\core\wirish\boards.cpp.o
LOAD C:\Users\skalp\AppData\Local\Temp\arduino\sketches\C992900473494E199A76976220CAE62A\core\wirish\boards_setup.cpp.o
LOAD C:\Users\skalp\AppData\Local\Temp\arduino\sketches\C992900473494E199A76976220CAE62A\core\wirish\start.S.o
LOAD C:\Users\skalp\AppData\Local\Temp\arduino\sketches\C992900473494E199A76976220CAE62A\core\wirish\start_c.c.o
LOAD C:\Users\skalp\AppData\Local\Temp\arduino\sketches\C992900473494E199A76976220CAE62A\core\wirish\syscalls.c.o
LOAD C:\Users\skalp\AppData\Local\Temp\arduino\cores\2ec4ba2fe5f9cdf526d35dea110c53c8\core.a
END GROUP
LOAD c:/users/skalp/appdata/local/arduino15/packages/arduino/tools/arm-none-eabi-gcc/4.8.3-2014q1/bin/../lib/gcc/arm-none-eabi/4.8.3/../../../../arm-none-eabi/lib/armv7-m\libstdc++_s.a
LOAD c:/users/skalp/appdata/local/arduino15/packages/arduino/tools/arm-none-eabi-gcc/4.8.3-2014q1/bin/../lib/gcc/arm-none-eabi/4.8.3/../../../../arm-none-eabi/lib/armv7-m\libm.a
START GROUP
LOAD c:/users/skalp/appdata/local/arduino15/packages/arduino/tools/arm-none-eabi-gcc/4.8.3-2014q1/bin/../lib/gcc/arm-none-eabi/4.8.3/armv7-m\libgcc.a
LOAD c:/users/skalp/appdata/local/arduino15/packages/arduino/tools/arm-none-eabi-gcc/4.8.3-2014q1/bin/../lib/gcc/arm-none-eabi/4.8.3/../../../../arm-none-eabi/lib/armv7-m\libc_s.a
END GROUP
START GROUP
LOAD c:/users/skalp/appdata/local/arduino15/packages/arduino/tools/arm-none-eabi-gcc/4.8.3-2014q1/bin/../lib/gcc/arm-none-eabi/4.8.3/armv7-m\libgcc.a
LOAD c:/users/skalp/appdata/local/arduino15/packages/arduino/tools/arm-none-eabi-gcc/4.8.3-2014q1/bin/../lib/gcc/arm-none-eabi/4.8.3/../../../../arm-none-eabi/lib/armv7-m\libc_s.a
END GROUP
LOAD c:/users/skalp/appdata/local/arduino15/packages/arduino/tools/arm-none-eabi-gcc/4.8.3-2014q1/bin/../lib/gcc/arm-none-eabi/4.8.3/armv7-m/crtend.o
LOAD c:/users/skalp/appdata/local/arduino15/packages/arduino/tools/arm-none-eabi-gcc/4.8.3-2014q1/bin/../lib/gcc/arm-none-eabi/4.8.3/armv7-m/crtn.o
START GROUP
LOAD c:/users/skalp/appdata/local/arduino15/packages/arduino/tools/arm-none-eabi-gcc/4.8.3-2014q1/bin/../lib/gcc/arm-none-eabi/4.8.3/armv7-m\libgcc.a
LOAD c:/users/skalp/appdata/local/arduino15/packages/arduino/tools/arm-none-eabi-gcc/4.8.3-2014q1/bin/../lib/gcc/arm-none-eabi/4.8.3/../../../../arm-none-eabi/lib/armv7-m\libc.a
LOAD c:/users/skalp/appdata/local/arduino15/packages/arduino/tools/arm-none-eabi-gcc/4.8.3-2014q1/bin/../lib/gcc/arm-none-eabi/4.8.3/../../../../arm-none-eabi/lib/armv7-m\libm.a
END GROUP
START GROUP
LOAD c:/users/skalp/appdata/local/arduino15/packages/arduino/tools/arm-none-eabi-gcc/4.8.3-2014q1/bin/../lib/gcc/arm-none-eabi/4.8.3/../../../../arm-none-eabi/lib/armv7-m\libnosys.a
END GROUP
                0x20005000                PROVIDE (__msp_init, (ORIGIN (ram) + 0x5000))
                0x08000e24                PROVIDE (__exc_reset, __start__)

.text           0x08000000     0x588c
                0x08000000                __text_start__ = .
 *(.stm32.interrupt_vector)
 .stm32.interrupt_vector
                0x08000000       0xec C:\Users\skalp\AppData\Local\Temp\arduino\cores\2ec4ba2fe5f9cdf526d35dea110c53c8\core.a(vector_table.S.o)
                0x08000000                __stm32_vector_table
 *(.text .text.* .gnu.linkonce.t.*)
 .text          0x080000ec       0x54 c:/users/skalp/appdata/local/arduino15/packages/arduino/tools/arm-none-eabi-gcc/4.8.3-2014q1/bin/../lib/gcc/arm-none-eabi/4.8.3/armv7-m/crtbegin.o
 .text._ZN5Scale9tareScaleEv
                0x08000140       0x20 C:\Users\skalp\AppData\Local\Temp\arduino\sketches\C992900473494E199A76976220CAE62A\sketch\sketch_jul11c.ino.cpp.o
                0x08000140                Scale::tareScale()
 .text._ZN5Scale5setupEv
                0x08000160       0xac C:\Users\skalp\AppData\Local\Temp\arduino\sketches\C992900473494E199A76976220CAE62A\sketch\sketch_jul11c.ino.cpp.o
                0x08000160                Scale::setup()
 .text._ZN5Scale10resetScaleEv
                0x0800020c       0x64 C:\Users\skalp\AppData\Local\Temp\arduino\sketches\C992900473494E199A76976220CAE62A\sketch\sketch_jul11c.ino.cpp.o
                0x0800020c                Scale::resetScale()
 .text._ZN5Scale14calibrateScaleEv
                0x08000270       0xa8 C:\Users\skalp\AppData\Local\Temp\arduino\sketches\C992900473494E199A76976220CAE62A\sketch\sketch_jul11c.ino.cpp.o
                0x08000270                Scale::calibrateScale()
 .text._ZN5Scale4loopEv
                0x08000318       0xc0 C:\Users\skalp\AppData\Local\Temp\arduino\sketches\C992900473494E199A76976220CAE62A\sketch\sketch_jul11c.ino.cpp.o
                0x08000318                Scale::loop()
 .text._Z5setupv
                0x080003d8       0x10 C:\Users\skalp\AppData\Local\Temp\arduino\sketches\C992900473494E199A76976220CAE62A\sketch\sketch_jul11c.ino.cpp.o
                0x080003d8                setup()
 .text._Z4loopv
                0x080003e8       0x10 C:\Users\skalp\AppData\Local\Temp\arduino\sketches\C992900473494E199A76976220CAE62A\sketch\sketch_jul11c.ino.cpp.o
                0x080003e8                loop()
 .text.startup._GLOBAL__sub_I_scale
                0x080003f8       0x3c C:\Users\skalp\AppData\Local\Temp\arduino\sketches\C992900473494E199A76976220CAE62A\sketch\sketch_jul11c.ino.cpp.o
 .text.exit._GLOBAL__sub_D_scale
                0x08000434        0xc C:\Users\skalp\AppData\Local\Temp\arduino\sketches\C992900473494E199A76976220CAE62A\sketch\sketch_jul11c.ino.cpp.o
 .text._ZN13LiquidCrystal11pulseEnableEv
                0x08000440       0x32 C:\Users\skalp\AppData\Local\Temp\arduino\sketches\C992900473494E199A76976220CAE62A\libraries\LiquidCrystal\LiquidCrystal.cpp.o
                0x08000440                LiquidCrystal::pulseEnable()
 .text._ZN13LiquidCrystal10write4bitsEh
                0x08000472       0x28 C:\Users\skalp\AppData\Local\Temp\arduino\sketches\C992900473494E199A76976220CAE62A\libraries\LiquidCrystal\LiquidCrystal.cpp.o
                0x08000472                LiquidCrystal::write4bits(unsigned char)
 .text._ZN13LiquidCrystal10write8bitsEh
                0x0800049a       0x28 C:\Users\skalp\AppData\Local\Temp\arduino\sketches\C992900473494E199A76976220CAE62A\libraries\LiquidCrystal\LiquidCrystal.cpp.o
                0x0800049a                LiquidCrystal::write8bits(unsigned char)
 .text._ZN13LiquidCrystal4sendEhh
                0x080004c2       0x3e C:\Users\skalp\AppData\Local\Temp\arduino\sketches\C992900473494E199A76976220CAE62A\libraries\LiquidCrystal\LiquidCrystal.cpp.o
                0x080004c2                LiquidCrystal::send(unsigned char, unsigned char)
 .text._ZN13LiquidCrystal7commandEh
                0x08000500        0x6 C:\Users\skalp\AppData\Local\Temp\arduino\sketches\C992900473494E199A76976220CAE62A\libraries\LiquidCrystal\LiquidCrystal.cpp.o
                0x08000500                LiquidCrystal::command(unsigned char)
 .text._ZN13LiquidCrystal5clearEv
                0x08000506       0x14 C:\Users\skalp\AppData\Local\Temp\arduino\sketches\C992900473494E199A76976220CAE62A\libraries\LiquidCrystal\LiquidCrystal.cpp.o
                0x08000506                LiquidCrystal::clear()
 .text._ZN13LiquidCrystal9setCursorEhh
                0x0800051a       0x26 C:\Users\skalp\AppData\Local\Temp\arduino\sketches\C992900473494E199A76976220CAE62A\libraries\LiquidCrystal\LiquidCrystal.cpp.o
                0x0800051a                LiquidCrystal::setCursor(unsigned char, unsigned char)
 .text._ZN13LiquidCrystal7displayEv
                0x08000540       0x14 C:\Users\skalp\AppData\Local\Temp\arduino\sketches\C992900473494E199A76976220CAE62A\libraries\LiquidCrystal\LiquidCrystal.cpp.o
                0x08000540                LiquidCrystal::display()
 .text._ZN13LiquidCrystal5beginEhhh
                0x08000554      0x124 C:\Users\skalp\AppData\Local\Temp\arduino\sketches\C992900473494E199A76976220CAE62A\libraries\LiquidCrystal\LiquidCrystal.cpp.o
                0x08000554                LiquidCrystal::begin(unsigned char, unsigned char, unsigned char)
 .text._ZN13LiquidCrystalC2Ehhhhhh
                0x08000678       0x44 C:\Users\skalp\AppData\Local\Temp\arduino\sketches\C992900473494E199A76976220CAE62A\libraries\LiquidCrystal\LiquidCrystal.cpp.o
                0x08000678                LiquidCrystal::LiquidCrystal(unsigned char, unsigned char, unsigned char, unsigned char, unsigned char, unsigned char)
                0x08000678                LiquidCrystal::LiquidCrystal(unsigned char, unsigned char, unsigned char, unsigned char, unsigned char, unsigned char)
 .text._ZN13LiquidCrystal5writeEh
                0x080006bc        0xc C:\Users\skalp\AppData\Local\Temp\arduino\sketches\C992900473494E199A76976220CAE62A\libraries\LiquidCrystal\LiquidCrystal.cpp.o
                0x080006bc                LiquidCrystal::write(unsigned char)
 .text._ZN5HX711D2Ev
                0x080006c8        0xc C:\Users\skalp\AppData\Local\Temp\arduino\sketches\C992900473494E199A76976220CAE62A\libraries\HX711_Arduino_Library\HX711.cpp.o
                0x080006c8                HX711::~HX711()
                0x080006c8                HX711::~HX711()
 .text._ZN5HX711D0Ev
                0x080006d4       0x14 C:\Users\skalp\AppData\Local\Temp\arduino\sketches\C992900473494E199A76976220CAE62A\libraries\HX711_Arduino_Library\HX711.cpp.o
                0x080006d4                HX711::~HX711()
 .text._ZN5HX711C2Ev
                0x080006e8       0x14 C:\Users\skalp\AppData\Local\Temp\arduino\sketches\C992900473494E199A76976220CAE62A\libraries\HX711_Arduino_Library\HX711.cpp.o
                0x080006e8                HX711::HX711()
                0x080006e8                HX711::HX711()
 .text._ZN5HX7118is_readyEv
                0x080006fc       0x12 C:\Users\skalp\AppData\Local\Temp\arduino\sketches\C992900473494E199A76976220CAE62A\libraries\HX711_Arduino_Library\HX711.cpp.o
                0x080006fc                HX711::is_ready()
 .text._ZN5HX7118set_gainEh
                0x0800070e       0x1a C:\Users\skalp\AppData\Local\Temp\arduino\sketches\C992900473494E199A76976220CAE62A\libraries\HX711_Arduino_Library\HX711.cpp.o
                0x0800070e                HX711::set_gain(unsigned char)
 .text._ZN5HX7115beginEhhh
                0x08000728       0x26 C:\Users\skalp\AppData\Local\Temp\arduino\sketches\C992900473494E199A76976220CAE62A\libraries\HX711_Arduino_Library\HX711.cpp.o
                0x08000728                HX711::begin(unsigned char, unsigned char, unsigned char)
 .text._ZN5HX71110wait_readyEm
                0x0800074e       0x18 C:\Users\skalp\AppData\Local\Temp\arduino\sketches\C992900473494E199A76976220CAE62A\libraries\HX711_Arduino_Library\HX711.cpp.o
                0x0800074e                HX711::wait_ready(unsigned long)
 .text._ZN5HX7114readEv
                0x08000766       0x6e C:\Users\skalp\AppData\Local\Temp\arduino\sketches\C992900473494E199A76976220CAE62A\libraries\HX711_Arduino_Library\HX711.cpp.o
                0x08000766                HX711::read()
 .text._ZN9TM1637_6DC2Ehh
                0x080007d4       0x1c C:\Users\skalp\AppData\Local\Temp\arduino\sketches\C992900473494E199A76976220CAE62A\libraries\TM1637_6D-master\TM1637_6D.cpp.o
                0x080007d4                TM1637_6D::TM1637_6D(unsigned char, unsigned char)
                0x080007d4                TM1637_6D::TM1637_6D(unsigned char, unsigned char)
 .text._ZN9TM1637_6D9writeByteEa
                0x080007f0       0x8a C:\Users\skalp\AppData\Local\Temp\arduino\sketches\C992900473494E199A76976220CAE62A\libraries\TM1637_6D-master\TM1637_6D.cpp.o
                0x080007f0                TM1637_6D::writeByte(signed char)
 .text._ZN9TM1637_6D5startEv
                0x0800087a       0x28 C:\Users\skalp\AppData\Local\Temp\arduino\sketches\C992900473494E199A76976220CAE62A\libraries\TM1637_6D-master\TM1637_6D.cpp.o
                0x0800087a                TM1637_6D::start()
 .text._ZN9TM1637_6D4stopEv
                0x080008a2       0x28 C:\Users\skalp\AppData\Local\Temp\arduino\sketches\C992900473494E199A76976220CAE62A\libraries\TM1637_6D-master\TM1637_6D.cpp.o
                0x080008a2                TM1637_6D::stop()
 .text._ZN9TM1637_6D3setEhhh
                0x080008ca        0xa C:\Users\skalp\AppData\Local\Temp\arduino\sketches\C992900473494E199A76976220CAE62A\libraries\TM1637_6D-master\TM1637_6D.cpp.o
                0x080008ca                TM1637_6D::set(unsigned char, unsigned char, unsigned char)
 .text._ZN9TM1637_6D6codingEPaS0_
                0x080008d4       0x20 C:\Users\skalp\AppData\Local\Temp\arduino\sketches\C992900473494E199A76976220CAE62A\libraries\TM1637_6D-master\TM1637_6D.cpp.o
                0x080008d4                TM1637_6D::coding(signed char*, signed char*)
 .text._ZN9TM1637_6D7displayEPaS0_
                0x080008f4       0xc0 C:\Users\skalp\AppData\Local\Temp\arduino\sketches\C992900473494E199A76976220CAE62A\libraries\TM1637_6D-master\TM1637_6D.cpp.o
                0x080008f4                TM1637_6D::display(signed char*, signed char*)
 .text._ZN9TM1637_6D12displayErrorEv
                0x080009b4       0x2c C:\Users\skalp\AppData\Local\Temp\arduino\sketches\C992900473494E199A76976220CAE62A\libraries\TM1637_6D-master\TM1637_6D.cpp.o
                0x080009b4                TM1637_6D::displayError()
 .text._ZN9TM1637_6D12displayFloatEf
                0x080009e0      0x1c0 C:\Users\skalp\AppData\Local\Temp\arduino\sketches\C992900473494E199A76976220CAE62A\libraries\TM1637_6D-master\TM1637_6D.cpp.o
                0x080009e0                TM1637_6D::displayFloat(float)
 .text._ZN9TM1637_6D12clearDisplayEv
                0x08000ba0       0x30 C:\Users\skalp\AppData\Local\Temp\arduino\sketches\C992900473494E199A76976220CAE62A\libraries\TM1637_6D-master\TM1637_6D.cpp.o
                0x08000ba0                TM1637_6D::clearDisplay()
 .text._ZN9TM1637_6D4initEv
                0x08000bd0        0x4 C:\Users\skalp\AppData\Local\Temp\arduino\sketches\C992900473494E199A76976220CAE62A\libraries\TM1637_6D-master\TM1637_6D.cpp.o
                0x08000bd0                TM1637_6D::init()
 .text._Z9boardInitv
                0x08000bd4        0x2 C:\Users\skalp\AppData\Local\Temp\arduino\sketches\C992900473494E199A76976220CAE62A\core\board.cpp.o
                0x08000bd4                boardInit()
 *fill*         0x08000bd6        0x2 
 .text.startup._GLOBAL__sub_I__Z9boardInitv
                0x08000bd8       0x48 C:\Users\skalp\AppData\Local\Temp\arduino\sketches\C992900473494E199A76976220CAE62A\core\board.cpp.o
 .text._ZL18adc_default_configP7adc_dev
                0x08000c20       0x1c C:\Users\skalp\AppData\Local\Temp\arduino\sketches\C992900473494E199A76976220CAE62A\core\wirish\boards.cpp.o
 .text._ZL20timer_default_configP9timer_dev
                0x08000c3c       0x9e C:\Users\skalp\AppData\Local\Temp\arduino\sketches\C992900473494E199A76976220CAE62A\core\wirish\boards.cpp.o
 *fill*         0x08000cda        0x2 
 .text._Z4initv
                0x08000cdc       0xbc C:\Users\skalp\AppData\Local\Temp\arduino\sketches\C992900473494E199A76976220CAE62A\core\wirish\boards.cpp.o
                0x08000cdc                init()
 .text._ZN6wirish4priv15board_reset_pllEv
                0x08000d98        0x2 C:\Users\skalp\AppData\Local\Temp\arduino\sketches\C992900473494E199A76976220CAE62A\core\wirish\boards_setup.cpp.o
                0x08000d98                wirish::priv::board_reset_pll()
 .text._ZN6wirish4priv28board_setup_clock_prescalersEv
                0x08000d9a       0x2e C:\Users\skalp\AppData\Local\Temp\arduino\sketches\C992900473494E199A76976220CAE62A\core\wirish\boards_setup.cpp.o
                0x08000d9a                wirish::priv::board_setup_clock_prescalers()
 .text._ZN6wirish4priv16board_setup_gpioEv
                0x08000dc8        0x4 C:\Users\skalp\AppData\Local\Temp\arduino\sketches\C992900473494E199A76976220CAE62A\core\wirish\boards_setup.cpp.o
                0x08000dc8                wirish::priv::board_setup_gpio()
 .text._ZN6wirish4priv15board_setup_usbEv
                0x08000dcc       0x54 C:\Users\skalp\AppData\Local\Temp\arduino\sketches\C992900473494E199A76976220CAE62A\core\wirish\boards_setup.cpp.o
                0x08000dcc                wirish::priv::board_setup_usb()
 .text._ZN6wirish4priv11series_initEv
                0x08000e20        0x4 C:\Users\skalp\AppData\Local\Temp\arduino\sketches\C992900473494E199A76976220CAE62A\core\wirish\boards_setup.cpp.o
                0x08000e20                wirish::priv::series_init()
 .text          0x08000e24       0x10 C:\Users\skalp\AppData\Local\Temp\arduino\sketches\C992900473494E199A76976220CAE62A\core\wirish\start.S.o
                0x08000e24                __start__
 .text.start_c  0x08000e34       0x58 C:\Users\skalp\AppData\Local\Temp\arduino\sketches\C992900473494E199A76976220CAE62A\core\wirish\start_c.c.o
                0x08000e34                start_c
 .text._sbrk    0x08000e8c       0x44 C:\Users\skalp\AppData\Local\Temp\arduino\sketches\C992900473494E199A76976220CAE62A\core\wirish\syscalls.c.o
                0x08000e8c                _sbrk
 .text.rb_full_count
                0x08000ed0       0x22 C:\Users\skalp\AppData\Local\Temp\arduino\cores\2ec4ba2fe5f9cdf526d35dea110c53c8\core.a(HardwareSerial.cpp.o)
 .text._ZN14HardwareSerial4readEv
                0x08000ef2       0x3a C:\Users\skalp\AppData\Local\Temp\arduino\cores\2ec4ba2fe5f9cdf526d35dea110c53c8\core.a(HardwareSerial.cpp.o)
                0x08000ef2                HardwareSerial::read()
 .text._ZN14HardwareSerial9availableEv
                0x08000f2c        0xc C:\Users\skalp\AppData\Local\Temp\arduino\cores\2ec4ba2fe5f9cdf526d35dea110c53c8\core.a(HardwareSerial.cpp.o)
                0x08000f2c                HardwareSerial::available()
 .text._ZN14HardwareSerial4peekEv
                0x08000f38       0x22 C:\Users\skalp\AppData\Local\Temp\arduino\cores\2ec4ba2fe5f9cdf526d35dea110c53c8\core.a(HardwareSerial.cpp.o)
                0x08000f38                HardwareSerial::peek()
 .text._ZN14HardwareSerial5flushEv
                0x08000f5a       0x1a C:\Users\skalp\AppData\Local\Temp\arduino\cores\2ec4ba2fe5f9cdf526d35dea110c53c8\core.a(HardwareSerial.cpp.o)
                0x08000f5a                HardwareSerial::flush()
 .text._ZN14HardwareSerial5writeEh
                0x08000f74       0x1e C:\Users\skalp\AppData\Local\Temp\arduino\cores\2ec4ba2fe5f9cdf526d35dea110c53c8\core.a(HardwareSerial.cpp.o)
                0x08000f74                HardwareSerial::write(unsigned char)
 *fill*         0x08000f92        0x2 
 .text._ZN14HardwareSerialC2EP9usart_devhh
                0x08000f94       0x1c C:\Users\skalp\AppData\Local\Temp\arduino\cores\2ec4ba2fe5f9cdf526d35dea110c53c8\core.a(HardwareSerial.cpp.o)
                0x08000f94                HardwareSerial::HardwareSerial(usart_dev*, unsigned char, unsigned char)
                0x08000f94                HardwareSerial::HardwareSerial(usart_dev*, unsigned char, unsigned char)
 .text._ZN5Print5writeEPKvm
                0x08000fb0       0x20 C:\Users\skalp\AppData\Local\Temp\arduino\cores\2ec4ba2fe5f9cdf526d35dea110c53c8\core.a(Print.cpp.o)
                0x08000fb0                Print::write(void const*, unsigned long)
 .text._ZN5Print5writeEPKc
                0x08000fd0       0x1e C:\Users\skalp\AppData\Local\Temp\arduino\cores\2ec4ba2fe5f9cdf526d35dea110c53c8\core.a(Print.cpp.o)
                0x08000fd0                Print::write(char const*)
 .text._ZN5Print5printEc
                0x08000fee        0xa C:\Users\skalp\AppData\Local\Temp\arduino\cores\2ec4ba2fe5f9cdf526d35dea110c53c8\core.a(Print.cpp.o)
                0x08000fee                Print::print(char)
 .text._ZN5Print5printEPKc
                0x08000ff8        0xa C:\Users\skalp\AppData\Local\Temp\arduino\cores\2ec4ba2fe5f9cdf526d35dea110c53c8\core.a(Print.cpp.o)
                0x08000ff8                Print::print(char const*)
 .text._ZN5Print7printlnEv
                0x08001002       0x18 C:\Users\skalp\AppData\Local\Temp\arduino\cores\2ec4ba2fe5f9cdf526d35dea110c53c8\core.a(Print.cpp.o)
                0x08001002                Print::println()
 .text._ZN5Print11printNumberEyh
                0x0800101a       0x84 C:\Users\skalp\AppData\Local\Temp\arduino\cores\2ec4ba2fe5f9cdf526d35dea110c53c8\core.a(Print.cpp.o)
                0x0800101a                Print::printNumber(unsigned long long, unsigned char)
 .text._ZN5Print5printExi
                0x0800109e       0x32 C:\Users\skalp\AppData\Local\Temp\arduino\cores\2ec4ba2fe5f9cdf526d35dea110c53c8\core.a(Print.cpp.o)
                0x0800109e                Print::print(long long, int)
 .text._ZN5Print5printEii
                0x080010d0       0x12 C:\Users\skalp\AppData\Local\Temp\arduino\cores\2ec4ba2fe5f9cdf526d35dea110c53c8\core.a(Print.cpp.o)
                0x080010d0                Print::print(int, int)
 .text._ZN5Print5printEli
                0x080010e2       0x12 C:\Users\skalp\AppData\Local\Temp\arduino\cores\2ec4ba2fe5f9cdf526d35dea110c53c8\core.a(Print.cpp.o)
                0x080010e2                Print::print(long, int)
 .text._ZN5Print5printEji
                0x080010f4       0x14 C:\Users\skalp\AppData\Local\Temp\arduino\cores\2ec4ba2fe5f9cdf526d35dea110c53c8\core.a(Print.cpp.o)
                0x080010f4                Print::print(unsigned int, int)
 .text._ZN5Print7printlnEji
                0x08001108       0x14 C:\Users\skalp\AppData\Local\Temp\arduino\cores\2ec4ba2fe5f9cdf526d35dea110c53c8\core.a(Print.cpp.o)
                0x08001108                Print::println(unsigned int, int)
 *fill*         0x0800111c        0x4 
 .text._ZN5Print10printFloatEdh
                0x08001120      0x158 C:\Users\skalp\AppData\Local\Temp\arduino\cores\2ec4ba2fe5f9cdf526d35dea110c53c8\core.a(Print.cpp.o)
                0x08001120                Print::printFloat(double, unsigned char)
 .text._ZN5Print5printEdi
                0x08001278        0xa C:\Users\skalp\AppData\Local\Temp\arduino\cores\2ec4ba2fe5f9cdf526d35dea110c53c8\core.a(Print.cpp.o)
                0x08001278                Print::print(double, int)
 .text._ZNK6String14StringIfHelperEv
                0x08001282        0x2 C:\Users\skalp\AppData\Local\Temp\arduino\cores\2ec4ba2fe5f9cdf526d35dea110c53c8\core.a(WString.cpp.o)
                0x08001282                String::StringIfHelper() const
 .text._ZN6StringD2Ev
                0x08001284        0xe C:\Users\skalp\AppData\Local\Temp\arduino\cores\2ec4ba2fe5f9cdf526d35dea110c53c8\core.a(WString.cpp.o)
                0x08001284                String::~String()
                0x08001284                String::~String()
 .text._ZN6String10invalidateEv
                0x08001292       0x16 C:\Users\skalp\AppData\Local\Temp\arduino\cores\2ec4ba2fe5f9cdf526d35dea110c53c8\core.a(WString.cpp.o)
                0x08001292                String::invalidate()
 .text._ZN6String12changeBufferEj
                0x080012a8       0x18 C:\Users\skalp\AppData\Local\Temp\arduino\cores\2ec4ba2fe5f9cdf526d35dea110c53c8\core.a(WString.cpp.o)
                0x080012a8                String::changeBuffer(unsigned int)
 .text._ZN6String7reserveEj
                0x080012c0       0x22 C:\Users\skalp\AppData\Local\Temp\arduino\cores\2ec4ba2fe5f9cdf526d35dea110c53c8\core.a(WString.cpp.o)
                0x080012c0                String::reserve(unsigned int)
 .text._ZN6String4copyEPKcj
                0x080012e2       0x26 C:\Users\skalp\AppData\Local\Temp\arduino\cores\2ec4ba2fe5f9cdf526d35dea110c53c8\core.a(WString.cpp.o)
                0x080012e2                String::copy(char const*, unsigned int)
 .text._ZN6StringC2EPKc
                0x08001308       0x24 C:\Users\skalp\AppData\Local\Temp\arduino\cores\2ec4ba2fe5f9cdf526d35dea110c53c8\core.a(WString.cpp.o)
                0x08001308                String::String(char const*)
                0x08001308                String::String(char const*)
 .text._ZN6String4moveERS_
                0x0800132c       0x44 C:\Users\skalp\AppData\Local\Temp\arduino\cores\2ec4ba2fe5f9cdf526d35dea110c53c8\core.a(WString.cpp.o)
                0x0800132c                String::move(String&)
 .text._ZN6StringaSEOS_
                0x08001370       0x10 C:\Users\skalp\AppData\Local\Temp\arduino\cores\2ec4ba2fe5f9cdf526d35dea110c53c8\core.a(WString.cpp.o)
                0x08001370                String::operator=(String&&)
 .text._ZN6StringaSEPKc
                0x08001380       0x22 C:\Users\skalp\AppData\Local\Temp\arduino\cores\2ec4ba2fe5f9cdf526d35dea110c53c8\core.a(WString.cpp.o)
                0x08001380                String::operator=(char const*)
 .text._ZN6StringC2Efh
                0x080013a2       0x32 C:\Users\skalp\AppData\Local\Temp\arduino\cores\2ec4ba2fe5f9cdf526d35dea110c53c8\core.a(WString.cpp.o)
                0x080013a2                String::String(float, unsigned char)
                0x080013a2                String::String(float, unsigned char)
 .text._ZN6StringC2Edh
                0x080013d4       0x32 C:\Users\skalp\AppData\Local\Temp\arduino\cores\2ec4ba2fe5f9cdf526d35dea110c53c8\core.a(WString.cpp.o)
                0x080013d4                String::String(double, unsigned char)
                0x080013d4                String::String(double, unsigned char)
 *fill*         0x08001406        0x2 
 .text._ZN6StringixEj
                0x08001408       0x1c C:\Users\skalp\AppData\Local\Temp\arduino\cores\2ec4ba2fe5f9cdf526d35dea110c53c8\core.a(WString.cpp.o)
                0x08001408                String::operator[](unsigned int)
 .text.dtostrf  0x08001424      0x148 C:\Users\skalp\AppData\Local\Temp\arduino\cores\2ec4ba2fe5f9cdf526d35dea110c53c8\core.a(dtostrf.c.o)
                0x08001424                dtostrf
 .text.adc_init
                0x0800156c       0x14 C:\Users\skalp\AppData\Local\Temp\arduino\cores\2ec4ba2fe5f9cdf526d35dea110c53c8\core.a(adc.c.o)
                0x0800156c                adc_init
 .text.adc_set_extsel
                0x08001580       0x12 C:\Users\skalp\AppData\Local\Temp\arduino\cores\2ec4ba2fe5f9cdf526d35dea110c53c8\core.a(adc.c.o)
                0x08001580                adc_set_extsel
 .text.adc_set_sample_rate
                0x08001592       0x30 C:\Users\skalp\AppData\Local\Temp\arduino\cores\2ec4ba2fe5f9cdf526d35dea110c53c8\core.a(adc.c.o)
                0x08001592                adc_set_sample_rate
 *fill*         0x080015c2        0x2 
 .text.__irq_adc
                0x080015c4       0x50 C:\Users\skalp\AppData\Local\Temp\arduino\cores\2ec4ba2fe5f9cdf526d35dea110c53c8\core.a(adc_f1.c.o)
                0x080015c4                __irq_adc
 .text.adc_calibrate
                0x08001614       0x24 C:\Users\skalp\AppData\Local\Temp\arduino\cores\2ec4ba2fe5f9cdf526d35dea110c53c8\core.a(adc_f1.c.o)
                0x08001614                adc_calibrate
 .text.adc_set_prescaler
                0x08001638        0x8 C:\Users\skalp\AppData\Local\Temp\arduino\cores\2ec4ba2fe5f9cdf526d35dea110c53c8\core.a(adc_f1.c.o)
                0x08001638                adc_set_prescaler
 .text.adc_foreach
                0x08001640       0x1c C:\Users\skalp\AppData\Local\Temp\arduino\cores\2ec4ba2fe5f9cdf526d35dea110c53c8\core.a(adc_f1.c.o)
                0x08001640                adc_foreach
 .text.adc_enable_single_swstart
                0x0800165c       0x36 C:\Users\skalp\AppData\Local\Temp\arduino\cores\2ec4ba2fe5f9cdf526d35dea110c53c8\core.a(adc_f1.c.o)
                0x0800165c                adc_enable_single_swstart
 .text.dma_irq_handler
                0x08001692       0x1c C:\Users\skalp\AppData\Local\Temp\arduino\cores\2ec4ba2fe5f9cdf526d35dea110c53c8\core.a(dma_f1.c.o)
 *fill*         0x080016ae        0x2 
 .text.__irq_dma1_channel1
                0x080016b0       0x10 C:\Users\skalp\AppData\Local\Temp\arduino\cores\2ec4ba2fe5f9cdf526d35dea110c53c8\core.a(dma_f1.c.o)
                0x080016b0                __irq_dma1_channel1
 .text.__irq_dma1_channel2
                0x080016c0       0x10 C:\Users\skalp\AppData\Local\Temp\arduino\cores\2ec4ba2fe5f9cdf526d35dea110c53c8\core.a(dma_f1.c.o)
                0x080016c0                __irq_dma1_channel2
 .text.__irq_dma1_channel3
                0x080016d0       0x10 C:\Users\skalp\AppData\Local\Temp\arduino\cores\2ec4ba2fe5f9cdf526d35dea110c53c8\core.a(dma_f1.c.o)
                0x080016d0                __irq_dma1_channel3
 .text.__irq_dma1_channel4
                0x080016e0       0x10 C:\Users\skalp\AppData\Local\Temp\arduino\cores\2ec4ba2fe5f9cdf526d35dea110c53c8\core.a(dma_f1.c.o)
                0x080016e0                __irq_dma1_channel4
 .text.__irq_dma1_channel5
                0x080016f0       0x10 C:\Users\skalp\AppData\Local\Temp\arduino\cores\2ec4ba2fe5f9cdf526d35dea110c53c8\core.a(dma_f1.c.o)
                0x080016f0                __irq_dma1_channel5
 .text.__irq_dma1_channel6
                0x08001700       0x10 C:\Users\skalp\AppData\Local\Temp\arduino\cores\2ec4ba2fe5f9cdf526d35dea110c53c8\core.a(dma_f1.c.o)
                0x08001700                __irq_dma1_channel6
 .text.__irq_dma1_channel7
                0x08001710       0x10 C:\Users\skalp\AppData\Local\Temp\arduino\cores\2ec4ba2fe5f9cdf526d35dea110c53c8\core.a(dma_f1.c.o)
                0x08001710                __irq_dma1_channel7
 .text          0x08001720       0x60 C:\Users\skalp\AppData\Local\Temp\arduino\cores\2ec4ba2fe5f9cdf526d35dea110c53c8\core.a(exc.S.o)
                0x08001720                __exc_nmi
                0x08001724                __exc_hardfault
                0x08001728                __exc_memmanage
                0x0800172c                __exc_busfault
                0x08001730                __exc_usagefault
 .text.dispatch_single_exti
                0x08001780       0x2c C:\Users\skalp\AppData\Local\Temp\arduino\cores\2ec4ba2fe5f9cdf526d35dea110c53c8\core.a(exti.c.o)
                0x08001780                dispatch_single_exti
 .text.dispatch_extis
                0x080017ac       0x4c C:\Users\skalp\AppData\Local\Temp\arduino\cores\2ec4ba2fe5f9cdf526d35dea110c53c8\core.a(exti.c.o)
                0x080017ac                dispatch_extis
 .text.__irq_exti0
                0x080017f8        0x6 C:\Users\skalp\AppData\Local\Temp\arduino\cores\2ec4ba2fe5f9cdf526d35dea110c53c8\core.a(exti.c.o)
                0x080017f8                __irq_exti0
 .text.__irq_exti1
                0x080017fe        0x6 C:\Users\skalp\AppData\Local\Temp\arduino\cores\2ec4ba2fe5f9cdf526d35dea110c53c8\core.a(exti.c.o)
                0x080017fe                __irq_exti1
 .text.__irq_exti2
                0x08001804        0x6 C:\Users\skalp\AppData\Local\Temp\arduino\cores\2ec4ba2fe5f9cdf526d35dea110c53c8\core.a(exti.c.o)
                0x08001804                __irq_exti2
 .text.__irq_exti3
                0x0800180a        0x6 C:\Users\skalp\AppData\Local\Temp\arduino\cores\2ec4ba2fe5f9cdf526d35dea110c53c8\core.a(exti.c.o)
                0x0800180a                __irq_exti3
 .text.__irq_exti4
                0x08001810        0x6 C:\Users\skalp\AppData\Local\Temp\arduino\cores\2ec4ba2fe5f9cdf526d35dea110c53c8\core.a(exti.c.o)
                0x08001810                __irq_exti4
 .text.__irq_exti9_5
                0x08001816        0x8 C:\Users\skalp\AppData\Local\Temp\arduino\cores\2ec4ba2fe5f9cdf526d35dea110c53c8\core.a(exti.c.o)
                0x08001816                __irq_exti9_5
 .text.__irq_exti15_10
                0x0800181e        0x8 C:\Users\skalp\AppData\Local\Temp\arduino\cores\2ec4ba2fe5f9cdf526d35dea110c53c8\core.a(exti.c.o)
                0x0800181e                __irq_exti15_10
 *fill*         0x08001826        0x2 
 .text.flash_set_latency
                0x08001828       0x14 C:\Users\skalp\AppData\Local\Temp\arduino\cores\2ec4ba2fe5f9cdf526d35dea110c53c8\core.a(flash.c.o)
                0x08001828                flash_set_latency
 .text.gpio_init_all
                0x0800183c       0x30 C:\Users\skalp\AppData\Local\Temp\arduino\cores\2ec4ba2fe5f9cdf526d35dea110c53c8\core.a(gpio_f1.c.o)
                0x0800183c                gpio_init_all
 .text.gpio_set_mode
                0x0800186c       0x50 C:\Users\skalp\AppData\Local\Temp\arduino\cores\2ec4ba2fe5f9cdf526d35dea110c53c8\core.a(gpio_f1.c.o)
                0x0800186c                gpio_set_mode
 .text.afio_init
                0x080018bc       0x12 C:\Users\skalp\AppData\Local\Temp\arduino\cores\2ec4ba2fe5f9cdf526d35dea110c53c8\core.a(gpio_f1.c.o)
                0x080018bc                afio_init
 *fill*         0x080018ce        0x2 
 .text.__irq_i2c1_ev
                0x080018d0        0xc C:\Users\skalp\AppData\Local\Temp\arduino\cores\2ec4ba2fe5f9cdf526d35dea110c53c8\core.a(i2c_f1.c.o)
                0x080018d0                __irq_i2c1_ev
 .text.__irq_i2c2_ev
                0x080018dc        0xc C:\Users\skalp\AppData\Local\Temp\arduino\cores\2ec4ba2fe5f9cdf526d35dea110c53c8\core.a(i2c_f1.c.o)
                0x080018dc                __irq_i2c2_ev
 .text.__irq_i2c1_er
                0x080018e8        0xc C:\Users\skalp\AppData\Local\Temp\arduino\cores\2ec4ba2fe5f9cdf526d35dea110c53c8\core.a(i2c_f1.c.o)
                0x080018e8                __irq_i2c1_er
 .text.__irq_i2c2_er
                0x080018f4        0xc C:\Users\skalp\AppData\Local\Temp\arduino\cores\2ec4ba2fe5f9cdf526d35dea110c53c8\core.a(i2c_f1.c.o)
                0x080018f4                __irq_i2c2_er
 .text.nvic_irq_set_priority
                0x08001900       0x28 C:\Users\skalp\AppData\Local\Temp\arduino\cores\2ec4ba2fe5f9cdf526d35dea110c53c8\core.a(nvic.c.o)
                0x08001900                nvic_irq_set_priority
 .text.nvic_init
                0x08001928       0x30 C:\Users\skalp\AppData\Local\Temp\arduino\cores\2ec4ba2fe5f9cdf526d35dea110c53c8\core.a(nvic.c.o)
                0x08001928                nvic_init
 .text.nvic_sys_reset
                0x08001958       0x1c C:\Users\skalp\AppData\Local\Temp\arduino\cores\2ec4ba2fe5f9cdf526d35dea110c53c8\core.a(nvic.c.o)
                0x08001958                nvic_sys_reset
 .text.rcc_dev_clk
                0x08001974        0xc C:\Users\skalp\AppData\Local\Temp\arduino\cores\2ec4ba2fe5f9cdf526d35dea110c53c8\core.a(rcc.c.o)
                0x08001974                rcc_dev_clk
 .text.rcc_switch_sysclk
                0x08001980       0x20 C:\Users\skalp\AppData\Local\Temp\arduino\cores\2ec4ba2fe5f9cdf526d35dea110c53c8\core.a(rcc.c.o)
                0x08001980                rcc_switch_sysclk
 .text.rcc_turn_on_clk
                0x080019a0       0x1a C:\Users\skalp\AppData\Local\Temp\arduino\cores\2ec4ba2fe5f9cdf526d35dea110c53c8\core.a(rcc.c.o)
                0x080019a0                rcc_turn_on_clk
 .text.rcc_turn_off_clk
                0x080019ba       0x1c C:\Users\skalp\AppData\Local\Temp\arduino\cores\2ec4ba2fe5f9cdf526d35dea110c53c8\core.a(rcc.c.o)
                0x080019ba                rcc_turn_off_clk
 .text.rcc_is_clk_ready
                0x080019d6       0x18 C:\Users\skalp\AppData\Local\Temp\arduino\cores\2ec4ba2fe5f9cdf526d35dea110c53c8\core.a(rcc.c.o)
                0x080019d6                rcc_is_clk_ready
 *fill*         0x080019ee        0x2 
 .text.rcc_configure_pll
                0x080019f0       0x18 C:\Users\skalp\AppData\Local\Temp\arduino\cores\2ec4ba2fe5f9cdf526d35dea110c53c8\core.a(rcc_f1.c.o)
                0x080019f0                rcc_configure_pll
 .text.rcc_clk_enable
                0x08001a08       0x30 C:\Users\skalp\AppData\Local\Temp\arduino\cores\2ec4ba2fe5f9cdf526d35dea110c53c8\core.a(rcc_f1.c.o)
                0x08001a08                rcc_clk_enable
 .text.rcc_reset_dev
                0x08001a38       0x34 C:\Users\skalp\AppData\Local\Temp\arduino\cores\2ec4ba2fe5f9cdf526d35dea110c53c8\core.a(rcc_f1.c.o)
                0x08001a38                rcc_reset_dev
 .text.rcc_set_prescaler
                0x08001a6c       0x20 C:\Users\skalp\AppData\Local\Temp\arduino\cores\2ec4ba2fe5f9cdf526d35dea110c53c8\core.a(rcc_f1.c.o)
                0x08001a6c                rcc_set_prescaler
 .text.rcc_clk_disable
                0x08001a8c       0x30 C:\Users\skalp\AppData\Local\Temp\arduino\cores\2ec4ba2fe5f9cdf526d35dea110c53c8\core.a(rcc_f1.c.o)
                0x08001a8c                rcc_clk_disable
 .text          0x08001abc        0x2 C:\Users\skalp\AppData\Local\Temp\arduino\cores\2ec4ba2fe5f9cdf526d35dea110c53c8\core.a(isrs.S.o)
                0x08001abc                __stm32reservedexception9
                0x08001abc                __exc_debug_monitor
                0x08001abc                __exc_svc
                0x08001abc                __irq_can_rx1
                0x08001abc                __irq_spi2
                0x08001abc                __irq_can_sce
                0x08001abc                __irq_pvd
                0x08001abc                __irq_tamper
                0x08001abc                __default_handler
                0x08001abc                __irq_wwdg
                0x08001abc                __stm32reservedexception10
                0x08001abc                __irq_flash
                0x08001abc                __stm32reservedexception13
                0x08001abc                __irq_rtc
                0x08001abc                __irq_spi1
                0x08001abc                __stm32reservedexception7
                0x08001abc                __irq_usb_hp_can_tx
                0x08001abc                __irq_rtcalarm
                0x08001abc                __stm32reservedexception8
                0x08001abc                __exc_pendsv
                0x08001abc                __irq_usbwakeup
                0x08001abc                __irq_rcc
 *fill*         0x08001abe        0x2 
 .text.systick_init
                0x08001ac0       0x10 C:\Users\skalp\AppData\Local\Temp\arduino\cores\2ec4ba2fe5f9cdf526d35dea110c53c8\core.a(systick.c.o)
                0x08001ac0                systick_init
 .text.__exc_systick
                0x08001ad0       0x1c C:\Users\skalp\AppData\Local\Temp\arduino\cores\2ec4ba2fe5f9cdf526d35dea110c53c8\core.a(systick.c.o)
                0x08001ad0                __exc_systick
 .text.timer_oc_set_mode
                0x08001aec       0x3a C:\Users\skalp\AppData\Local\Temp\arduino\cores\2ec4ba2fe5f9cdf526d35dea110c53c8\core.a(timer.c.o)
 .text.dispatch_general
                0x08001b26       0x66 C:\Users\skalp\AppData\Local\Temp\arduino\cores\2ec4ba2fe5f9cdf526d35dea110c53c8\core.a(timer.c.o)
 .text.timer_cc_enable
                0x08001b8c       0x1c C:\Users\skalp\AppData\Local\Temp\arduino\cores\2ec4ba2fe5f9cdf526d35dea110c53c8\core.a(timer.c.o)
 .text.timer_foreach
                0x08001ba8       0x28 C:\Users\skalp\AppData\Local\Temp\arduino\cores\2ec4ba2fe5f9cdf526d35dea110c53c8\core.a(timer.c.o)
                0x08001ba8                timer_foreach
 .text.timer_init
                0x08001bd0       0x14 C:\Users\skalp\AppData\Local\Temp\arduino\cores\2ec4ba2fe5f9cdf526d35dea110c53c8\core.a(timer.c.o)
                0x08001bd0                timer_init
 .text.timer_has_cc_channel
                0x08001be4       0x30 C:\Users\skalp\AppData\Local\Temp\arduino\cores\2ec4ba2fe5f9cdf526d35dea110c53c8\core.a(timer.c.o)
                0x08001be4                timer_has_cc_channel
 .text.timer_detach_interrupt
                0x08001c14       0x1e C:\Users\skalp\AppData\Local\Temp\arduino\cores\2ec4ba2fe5f9cdf526d35dea110c53c8\core.a(timer.c.o)
                0x08001c14                timer_detach_interrupt
 .text.input_capture_mode
                0x08001c32       0x1a C:\Users\skalp\AppData\Local\Temp\arduino\cores\2ec4ba2fe5f9cdf526d35dea110c53c8\core.a(timer.c.o)
                0x08001c32                input_capture_mode
 .text.timer_set_mode
                0x08001c4c       0x8c C:\Users\skalp\AppData\Local\Temp\arduino\cores\2ec4ba2fe5f9cdf526d35dea110c53c8\core.a(timer.c.o)
                0x08001c4c                timer_set_mode
 .text.__irq_tim1_brk
                0x08001cd8       0x24 C:\Users\skalp\AppData\Local\Temp\arduino\cores\2ec4ba2fe5f9cdf526d35dea110c53c8\core.a(timer.c.o)
                0x08001cd8                __irq_tim1_brk
 .text.__irq_tim1_up
                0x08001cfc       0x24 C:\Users\skalp\AppData\Local\Temp\arduino\cores\2ec4ba2fe5f9cdf526d35dea110c53c8\core.a(timer.c.o)
                0x08001cfc                __irq_tim1_up
 .text.__irq_tim1_trg_com
                0x08001d20       0x34 C:\Users\skalp\AppData\Local\Temp\arduino\cores\2ec4ba2fe5f9cdf526d35dea110c53c8\core.a(timer.c.o)
                0x08001d20                __irq_tim1_trg_com
 .text.__irq_tim1_cc
                0x08001d54       0x50 C:\Users\skalp\AppData\Local\Temp\arduino\cores\2ec4ba2fe5f9cdf526d35dea110c53c8\core.a(timer.c.o)
                0x08001d54                __irq_tim1_cc
 .text.__irq_tim2
                0x08001da4        0xc C:\Users\skalp\AppData\Local\Temp\arduino\cores\2ec4ba2fe5f9cdf526d35dea110c53c8\core.a(timer.c.o)
                0x08001da4                __irq_tim2
 .text.__irq_tim3
                0x08001db0        0xc C:\Users\skalp\AppData\Local\Temp\arduino\cores\2ec4ba2fe5f9cdf526d35dea110c53c8\core.a(timer.c.o)
                0x08001db0                __irq_tim3
 .text.__irq_tim4
                0x08001dbc        0xc C:\Users\skalp\AppData\Local\Temp\arduino\cores\2ec4ba2fe5f9cdf526d35dea110c53c8\core.a(timer.c.o)
                0x08001dbc                __irq_tim4
 .text.usart_tx
                0x08001dc8       0x9c C:\Users\skalp\AppData\Local\Temp\arduino\cores\2ec4ba2fe5f9cdf526d35dea110c53c8\core.a(usart.c.o)
                0x08001dc8                usart_tx
 .text.usart_irq
                0x08001e64       0xc8 C:\Users\skalp\AppData\Local\Temp\arduino\cores\2ec4ba2fe5f9cdf526d35dea110c53c8\core.a(usart_f1.c.o)
 .text.__irq_usart1
                0x08001f2c       0x18 C:\Users\skalp\AppData\Local\Temp\arduino\cores\2ec4ba2fe5f9cdf526d35dea110c53c8\core.a(usart_f1.c.o)
                0x08001f2c                __irq_usart1
 .text.__irq_usart2
                0x08001f44       0x18 C:\Users\skalp\AppData\Local\Temp\arduino\cores\2ec4ba2fe5f9cdf526d35dea110c53c8\core.a(usart_f1.c.o)
                0x08001f44                __irq_usart2
 .text.__irq_usart3
                0x08001f5c       0x18 C:\Users\skalp\AppData\Local\Temp\arduino\cores\2ec4ba2fe5f9cdf526d35dea110c53c8\core.a(usart_f1.c.o)
                0x08001f5c                __irq_usart3
 .text.usb_resume
                0x08001f74       0xb4 C:\Users\skalp\AppData\Local\Temp\arduino\cores\2ec4ba2fe5f9cdf526d35dea110c53c8\core.a(usb.c.o)
 .text.usb_init_usblib
                0x08002028       0x48 C:\Users\skalp\AppData\Local\Temp\arduino\cores\2ec4ba2fe5f9cdf526d35dea110c53c8\core.a(usb.c.o)
                0x08002028                usb_init_usblib
 .text.__irq_usb_lp_can_rx0
                0x08002070      0x1c8 C:\Users\skalp\AppData\Local\Temp\arduino\cores\2ec4ba2fe5f9cdf526d35dea110c53c8\core.a(usb.c.o)
                0x08002070                __irq_usb_lp_can_rx0
 .text.usb_set_ep_rx_stat
                0x08002238       0x22 C:\Users\skalp\AppData\Local\Temp\arduino\cores\2ec4ba2fe5f9cdf526d35dea110c53c8\core.a(usb_cdcacm.c.o)
 *fill*         0x0800225a        0x2 
 .text.vcomGetSetLineCoding
                0x0800225c       0x18 C:\Users\skalp\AppData\Local\Temp\arduino\cores\2ec4ba2fe5f9cdf526d35dea110c53c8\core.a(usb_cdcacm.c.o)
 .text.usbDataSetup
                0x08002274       0x54 C:\Users\skalp\AppData\Local\Temp\arduino\cores\2ec4ba2fe5f9cdf526d35dea110c53c8\core.a(usb_cdcacm.c.o)
 .text.usbNoDataSetup
                0x080022c8       0x50 C:\Users\skalp\AppData\Local\Temp\arduino\cores\2ec4ba2fe5f9cdf526d35dea110c53c8\core.a(usb_cdcacm.c.o)
 .text.usbGetInterfaceSetting
                0x08002318       0x10 C:\Users\skalp\AppData\Local\Temp\arduino\cores\2ec4ba2fe5f9cdf526d35dea110c53c8\core.a(usb_cdcacm.c.o)
 .text.usbSetConfiguration
                0x08002328       0x1c C:\Users\skalp\AppData\Local\Temp\arduino\cores\2ec4ba2fe5f9cdf526d35dea110c53c8\core.a(usb_cdcacm.c.o)
 .text.usbSetDeviceAddress
                0x08002344       0x10 C:\Users\skalp\AppData\Local\Temp\arduino\cores\2ec4ba2fe5f9cdf526d35dea110c53c8\core.a(usb_cdcacm.c.o)
 .text.usbGetStringDescriptor
                0x08002354       0x20 C:\Users\skalp\AppData\Local\Temp\arduino\cores\2ec4ba2fe5f9cdf526d35dea110c53c8\core.a(usb_cdcacm.c.o)
 .text.usbGetConfigDescriptor
                0x08002374        0xc C:\Users\skalp\AppData\Local\Temp\arduino\cores\2ec4ba2fe5f9cdf526d35dea110c53c8\core.a(usb_cdcacm.c.o)
 .text.usbGetDeviceDescriptor
                0x08002380        0xc C:\Users\skalp\AppData\Local\Temp\arduino\cores\2ec4ba2fe5f9cdf526d35dea110c53c8\core.a(usb_cdcacm.c.o)
 .text.usbInit  0x0800238c       0x44 C:\Users\skalp\AppData\Local\Temp\arduino\cores\2ec4ba2fe5f9cdf526d35dea110c53c8\core.a(usb_cdcacm.c.o)
 .text.vcomDataTxCb
                0x080023d0       0xa0 C:\Users\skalp\AppData\Local\Temp\arduino\cores\2ec4ba2fe5f9cdf526d35dea110c53c8\core.a(usb_cdcacm.c.o)
 .text.usbReset
                0x08002470      0x160 C:\Users\skalp\AppData\Local\Temp\arduino\cores\2ec4ba2fe5f9cdf526d35dea110c53c8\core.a(usb_cdcacm.c.o)
 .text.vcomDataRxCb
                0x080025d0       0x7c C:\Users\skalp\AppData\Local\Temp\arduino\cores\2ec4ba2fe5f9cdf526d35dea110c53c8\core.a(usb_cdcacm.c.o)
 .text.usb_cdcacm_set_hooks
                0x0800264c       0x1c C:\Users\skalp\AppData\Local\Temp\arduino\cores\2ec4ba2fe5f9cdf526d35dea110c53c8\core.a(usb_cdcacm.c.o)
                0x0800264c                usb_cdcacm_set_hooks
 .text.usb_cdcacm_enable
                0x08002668       0x38 C:\Users\skalp\AppData\Local\Temp\arduino\cores\2ec4ba2fe5f9cdf526d35dea110c53c8\core.a(usb_cdcacm.c.o)
                0x08002668                usb_cdcacm_enable
 .text.usb_cdcacm_tx
                0x080026a0       0x60 C:\Users\skalp\AppData\Local\Temp\arduino\cores\2ec4ba2fe5f9cdf526d35dea110c53c8\core.a(usb_cdcacm.c.o)
                0x080026a0                usb_cdcacm_tx
 .text.usb_cdcacm_data_available
                0x08002700       0x18 C:\Users\skalp\AppData\Local\Temp\arduino\cores\2ec4ba2fe5f9cdf526d35dea110c53c8\core.a(usb_cdcacm.c.o)
                0x08002700                usb_cdcacm_data_available
 .text.usb_cdcacm_peek
                0x08002718       0x38 C:\Users\skalp\AppData\Local\Temp\arduino\cores\2ec4ba2fe5f9cdf526d35dea110c53c8\core.a(usb_cdcacm.c.o)
                0x08002718                usb_cdcacm_peek
 .text.usb_cdcacm_rx
                0x08002750       0x34 C:\Users\skalp\AppData\Local\Temp\arduino\cores\2ec4ba2fe5f9cdf526d35dea110c53c8\core.a(usb_cdcacm.c.o)
                0x08002750                usb_cdcacm_rx
 .text.usb_cdcacm_peek_ex
                0x08002784       0x3c C:\Users\skalp\AppData\Local\Temp\arduino\cores\2ec4ba2fe5f9cdf526d35dea110c53c8\core.a(usb_cdcacm.c.o)
                0x08002784                usb_cdcacm_peek_ex
 .text.usb_cdcacm_get_dtr
                0x080027c0       0x10 C:\Users\skalp\AppData\Local\Temp\arduino\cores\2ec4ba2fe5f9cdf526d35dea110c53c8\core.a(usb_cdcacm.c.o)
                0x080027c0                usb_cdcacm_get_dtr
 .text.usb_set_ep_rx_count
                0x080027d0       0x4c C:\Users\skalp\AppData\Local\Temp\arduino\cores\2ec4ba2fe5f9cdf526d35dea110c53c8\core.a(usb_reg_map.c.o)
                0x080027d0                usb_set_ep_rx_count
 .text.Standard_GetConfiguration
                0x0800281c       0x24 C:\Users\skalp\AppData\Local\Temp\arduino\cores\2ec4ba2fe5f9cdf526d35dea110c53c8\core.a(usb_core.c.o)
                0x0800281c                Standard_GetConfiguration
 .text.Standard_GetInterface
                0x08002840       0x24 C:\Users\skalp\AppData\Local\Temp\arduino\cores\2ec4ba2fe5f9cdf526d35dea110c53c8\core.a(usb_core.c.o)
                0x08002840                Standard_GetInterface
 .text.Standard_GetStatus
                0x08002864       0x90 C:\Users\skalp\AppData\Local\Temp\arduino\cores\2ec4ba2fe5f9cdf526d35dea110c53c8\core.a(usb_core.c.o)
                0x08002864                Standard_GetStatus
 .text.DataStageIn
                0x080028f4       0xa8 C:\Users\skalp\AppData\Local\Temp\arduino\cores\2ec4ba2fe5f9cdf526d35dea110c53c8\core.a(usb_core.c.o)
 .text.Standard_SetConfiguration
                0x0800299c       0x38 C:\Users\skalp\AppData\Local\Temp\arduino\cores\2ec4ba2fe5f9cdf526d35dea110c53c8\core.a(usb_core.c.o)
                0x0800299c                Standard_SetConfiguration
 .text.Standard_SetInterface
                0x080029d4       0x48 C:\Users\skalp\AppData\Local\Temp\arduino\cores\2ec4ba2fe5f9cdf526d35dea110c53c8\core.a(usb_core.c.o)
                0x080029d4                Standard_SetInterface
 .text.Standard_ClearFeature
                0x08002a1c       0xd0 C:\Users\skalp\AppData\Local\Temp\arduino\cores\2ec4ba2fe5f9cdf526d35dea110c53c8\core.a(usb_core.c.o)
                0x08002a1c                Standard_ClearFeature
 .text.Standard_SetEndPointFeature
                0x08002aec       0x84 C:\Users\skalp\AppData\Local\Temp\arduino\cores\2ec4ba2fe5f9cdf526d35dea110c53c8\core.a(usb_core.c.o)
                0x08002aec                Standard_SetEndPointFeature
 .text.Standard_SetDeviceFeature
                0x08002b70       0x24 C:\Users\skalp\AppData\Local\Temp\arduino\cores\2ec4ba2fe5f9cdf526d35dea110c53c8\core.a(usb_core.c.o)
                0x08002b70                Standard_SetDeviceFeature
 .text.Standard_GetDescriptorData
                0x08002b94       0x1c C:\Users\skalp\AppData\Local\Temp\arduino\cores\2ec4ba2fe5f9cdf526d35dea110c53c8\core.a(usb_core.c.o)
                0x08002b94                Standard_GetDescriptorData
 .text.Post0_Process
                0x08002bb0       0x40 C:\Users\skalp\AppData\Local\Temp\arduino\cores\2ec4ba2fe5f9cdf526d35dea110c53c8\core.a(usb_core.c.o)
                0x08002bb0                Post0_Process
 .text.Setup0_Process
                0x08002bf0      0x2d0 C:\Users\skalp\AppData\Local\Temp\arduino\cores\2ec4ba2fe5f9cdf526d35dea110c53c8\core.a(usb_core.c.o)
                0x08002bf0                Setup0_Process
 .text.Out0_Process
                0x08002ec0       0xc8 C:\Users\skalp\AppData\Local\Temp\arduino\cores\2ec4ba2fe5f9cdf526d35dea110c53c8\core.a(usb_core.c.o)
                0x08002ec0                Out0_Process
 .text.SetDeviceAddress
                0x08002f88       0x38 C:\Users\skalp\AppData\Local\Temp\arduino\cores\2ec4ba2fe5f9cdf526d35dea110c53c8\core.a(usb_core.c.o)
                0x08002f88                SetDeviceAddress
 .text.In0_Process
                0x08002fc0       0x5c C:\Users\skalp\AppData\Local\Temp\arduino\cores\2ec4ba2fe5f9cdf526d35dea110c53c8\core.a(usb_core.c.o)
                0x08002fc0                In0_Process
 .text.NOP_Process
                0x0800301c        0x2 C:\Users\skalp\AppData\Local\Temp\arduino\cores\2ec4ba2fe5f9cdf526d35dea110c53c8\core.a(usb_core.c.o)
                0x0800301c                NOP_Process
 .text.UserToPMABufferCopy
                0x0800301e       0x30 C:\Users\skalp\AppData\Local\Temp\arduino\cores\2ec4ba2fe5f9cdf526d35dea110c53c8\core.a(usb_mem.c.o)
                0x0800301e                UserToPMABufferCopy
 .text.PMAToUserBufferCopy
                0x0800304e       0x32 C:\Users\skalp\AppData\Local\Temp\arduino\cores\2ec4ba2fe5f9cdf526d35dea110c53c8\core.a(usb_mem.c.o)
                0x0800304e                PMAToUserBufferCopy
 .text.SetEPTxStatus
                0x08003080       0x2a C:\Users\skalp\AppData\Local\Temp\arduino\cores\2ec4ba2fe5f9cdf526d35dea110c53c8\core.a(usb_regs.c.o)
                0x08003080                SetEPTxStatus
 .text.ClearDTOG_RX
                0x080030aa       0x20 C:\Users\skalp\AppData\Local\Temp\arduino\cores\2ec4ba2fe5f9cdf526d35dea110c53c8\core.a(usb_regs.c.o)
                0x080030aa                ClearDTOG_RX
 .text.ClearDTOG_TX
                0x080030ca       0x20 C:\Users\skalp\AppData\Local\Temp\arduino\cores\2ec4ba2fe5f9cdf526d35dea110c53c8\core.a(usb_regs.c.o)
                0x080030ca                ClearDTOG_TX
 *fill*         0x080030ea        0x2 
 .text.GetEPTxAddr
                0x080030ec       0x1c C:\Users\skalp\AppData\Local\Temp\arduino\cores\2ec4ba2fe5f9cdf526d35dea110c53c8\core.a(usb_regs.c.o)
                0x080030ec                GetEPTxAddr
 .text.GetEPRxAddr
                0x08003108       0x1c C:\Users\skalp\AppData\Local\Temp\arduino\cores\2ec4ba2fe5f9cdf526d35dea110c53c8\core.a(usb_regs.c.o)
                0x08003108                GetEPRxAddr
 .text.SetEPTxCount
                0x08003124       0x1c C:\Users\skalp\AppData\Local\Temp\arduino\cores\2ec4ba2fe5f9cdf526d35dea110c53c8\core.a(usb_regs.c.o)
                0x08003124                SetEPTxCount
 .text.SetEPRxCount
                0x08003140       0x40 C:\Users\skalp\AppData\Local\Temp\arduino\cores\2ec4ba2fe5f9cdf526d35dea110c53c8\core.a(usb_regs.c.o)
                0x08003140                SetEPRxCount
 .text.throb    0x08003180       0x4c C:\Users\skalp\AppData\Local\Temp\arduino\cores\2ec4ba2fe5f9cdf526d35dea110c53c8\core.a(util.c.o)
                0x08003180                throb
 .text.__error  0x080031cc       0x14 C:\Users\skalp\AppData\Local\Temp\arduino\cores\2ec4ba2fe5f9cdf526d35dea110c53c8\core.a(util.c.o)
                0x080031cc                __error
 .text.startup._Z7premainv
                0x080031e0        0x4 C:\Users\skalp\AppData\Local\Temp\arduino\cores\2ec4ba2fe5f9cdf526d35dea110c53c8\core.a(main.cpp.o)
                0x080031e0                premain()
 .text.startup.main
                0x080031e4        0xc C:\Users\skalp\AppData\Local\Temp\arduino\cores\2ec4ba2fe5f9cdf526d35dea110c53c8\core.a(main.cpp.o)
                0x080031e4                main
 .text._ZdlPv   0x080031f0        0x4 C:\Users\skalp\AppData\Local\Temp\arduino\cores\2ec4ba2fe5f9cdf526d35dea110c53c8\core.a(new.cpp.o)
                0x080031f0                operator delete(void*)
 .text._Z7pinModeh13WiringPinMode
                0x080031f4       0x84 C:\Users\skalp\AppData\Local\Temp\arduino\cores\2ec4ba2fe5f9cdf526d35dea110c53c8\core.a(wirish_digital_f1.cpp.o)
                0x080031f4                pinMode(unsigned char, WiringPinMode)
 .text._ZN9USBSerial9availableEv
                0x08003278        0x4 C:\Users\skalp\AppData\Local\Temp\arduino\cores\2ec4ba2fe5f9cdf526d35dea110c53c8\core.a(usb_serial.cpp.o)
                0x08003278                USBSerial::available()
 .text._ZN9USBSerial4peekEv
                0x0800327c       0x1e C:\Users\skalp\AppData\Local\Temp\arduino\cores\2ec4ba2fe5f9cdf526d35dea110c53c8\core.a(usb_serial.cpp.o)
                0x0800327c                USBSerial::peek()
 .text._ZN9USBSerial4readEv
                0x0800329a       0x1e C:\Users\skalp\AppData\Local\Temp\arduino\cores\2ec4ba2fe5f9cdf526d35dea110c53c8\core.a(usb_serial.cpp.o)
                0x0800329a                USBSerial::read()
 .text._ZL14ifaceSetupHookjPv
                0x080032b8       0x38 C:\Users\skalp\AppData\Local\Temp\arduino\cores\2ec4ba2fe5f9cdf526d35dea110c53c8\core.a(usb_serial.cpp.o)
 .text._ZL6rxHookjPv
                0x080032f0       0x6c C:\Users\skalp\AppData\Local\Temp\arduino\cores\2ec4ba2fe5f9cdf526d35dea110c53c8\core.a(usb_serial.cpp.o)
 .text._ZN9USBSerialC2Ev
                0x0800335c       0x14 C:\Users\skalp\AppData\Local\Temp\arduino\cores\2ec4ba2fe5f9cdf526d35dea110c53c8\core.a(usb_serial.cpp.o)
                0x0800335c                USBSerial::USBSerial()
                0x0800335c                USBSerial::USBSerial()
 .text._ZN9USBSerial5beginEv
                0x08003370       0x34 C:\Users\skalp\AppData\Local\Temp\arduino\cores\2ec4ba2fe5f9cdf526d35dea110c53c8\core.a(usb_serial.cpp.o)
                0x08003370                USBSerial::begin()
 .text._ZN9USBSerial5writeEPKhm
                0x080033a4       0x4c C:\Users\skalp\AppData\Local\Temp\arduino\cores\2ec4ba2fe5f9cdf526d35dea110c53c8\core.a(usb_serial.cpp.o)
                0x080033a4                USBSerial::write(unsigned char const*, unsigned long)
 .text._ZN9USBSerial5writeEh
                0x080033f0       0x16 C:\Users\skalp\AppData\Local\Temp\arduino\cores\2ec4ba2fe5f9cdf526d35dea110c53c8\core.a(usb_serial.cpp.o)
                0x080033f0                USBSerial::write(unsigned char)
 .text._ZN9USBSerial5writeEPKc
                0x08003406       0x1a C:\Users\skalp\AppData\Local\Temp\arduino\cores\2ec4ba2fe5f9cdf526d35dea110c53c8\core.a(usb_serial.cpp.o)
                0x08003406                USBSerial::write(char const*)
 .text._ZN9USBSerial4readEPhm
                0x08003420       0x1c C:\Users\skalp\AppData\Local\Temp\arduino\cores\2ec4ba2fe5f9cdf526d35dea110c53c8\core.a(usb_serial.cpp.o)
                0x08003420                USBSerial::read(unsigned char*, unsigned long)
 .text._ZN9USBSerial5flushEv
                0x0800343c       0x1c C:\Users\skalp\AppData\Local\Temp\arduino\cores\2ec4ba2fe5f9cdf526d35dea110c53c8\core.a(usb_serial.cpp.o)
                0x0800343c                USBSerial::flush()
 .text.startup._GLOBAL__sub_I__ZN9USBSerial9_hasBegunE
                0x08003458        0xc C:\Users\skalp\AppData\Local\Temp\arduino\cores\2ec4ba2fe5f9cdf526d35dea110c53c8\core.a(usb_serial.cpp.o)
 .text._Z11digitalReadh
                0x08003464       0x2c C:\Users\skalp\AppData\Local\Temp\arduino\cores\2ec4ba2fe5f9cdf526d35dea110c53c8\core.a(wirish_digital.cpp.o)
                0x08003464                digitalRead(unsigned char)
 .text._Z12digitalWritehh
                0x08003490       0x2c C:\Users\skalp\AppData\Local\Temp\arduino\cores\2ec4ba2fe5f9cdf526d35dea110c53c8\core.a(wirish_digital.cpp.o)
                0x08003490                digitalWrite(unsigned char, unsigned char)
 .text._Z7shiftInmmm
                0x080034bc       0x4c C:\Users\skalp\AppData\Local\Temp\arduino\cores\2ec4ba2fe5f9cdf526d35dea110c53c8\core.a(wirish_shift.cpp.o)
                0x080034bc                shiftIn(unsigned long, unsigned long, unsigned long)
 .text.micros   0x08003508       0x34 C:\Users\skalp\AppData\Local\Temp\arduino\cores\2ec4ba2fe5f9cdf526d35dea110c53c8\core.a(wirish_time.cpp.o)
 .text.delay    0x0800353c       0x2a C:\Users\skalp\AppData\Local\Temp\arduino\cores\2ec4ba2fe5f9cdf526d35dea110c53c8\core.a(wirish_time.cpp.o)
                0x0800353c                delay
 .text.delayMicroseconds
                0x08003566       0x10 C:\Users\skalp\AppData\Local\Temp\arduino\cores\2ec4ba2fe5f9cdf526d35dea110c53c8\core.a(wirish_time.cpp.o)
                0x08003566                delayMicroseconds
 .text.__empty  0x08003576        0x2 C:\Users\skalp\AppData\Local\Temp\arduino\cores\2ec4ba2fe5f9cdf526d35dea110c53c8\core.a(hooks.c.o)
                0x08003576                yield
 .text.bkp_init
                0x08003578       0x18 C:\Users\skalp\AppData\Local\Temp\arduino\cores\2ec4ba2fe5f9cdf526d35dea110c53c8\core.a(bkp_f1.c.o)
                0x08003578                bkp_init
 .text.bkp_enable_writes
                0x08003590        0xc C:\Users\skalp\AppData\Local\Temp\arduino\cores\2ec4ba2fe5f9cdf526d35dea110c53c8\core.a(bkp_f1.c.o)
                0x08003590                bkp_enable_writes
 .text.bkp_disable_writes
                0x0800359c        0xc C:\Users\skalp\AppData\Local\Temp\arduino\cores\2ec4ba2fe5f9cdf526d35dea110c53c8\core.a(bkp_f1.c.o)
                0x0800359c                bkp_disable_writes
 .text.bkp_write
                0x080035a8       0x16 C:\Users\skalp\AppData\Local\Temp\arduino\cores\2ec4ba2fe5f9cdf526d35dea110c53c8\core.a(bkp_f1.c.o)
                0x080035a8                bkp_write
 .text.gpio_init
                0x080035be       0x14 C:\Users\skalp\AppData\Local\Temp\arduino\cores\2ec4ba2fe5f9cdf526d35dea110c53c8\core.a(gpio.c.o)
                0x080035be                gpio_init
 .text.i2c_disable_irq
                0x080035d2        0xc C:\Users\skalp\AppData\Local\Temp\arduino\cores\2ec4ba2fe5f9cdf526d35dea110c53c8\core.a(i2c.c.o)
 *fill*         0x080035de        0x2 
 .text._i2c_irq_handler
                0x080035e0      0x3d8 C:\Users\skalp\AppData\Local\Temp\arduino\cores\2ec4ba2fe5f9cdf526d35dea110c53c8\core.a(i2c.c.o)
                0x080035e0                _i2c_irq_handler
 .text._i2c_irq_error_handler
                0x080039b8       0x74 C:\Users\skalp\AppData\Local\Temp\arduino\cores\2ec4ba2fe5f9cdf526d35dea110c53c8\core.a(i2c.c.o)
                0x080039b8                _i2c_irq_error_handler
 .text          0x08003a2c      0x370 c:/users/skalp/appdata/local/arduino15/packages/arduino/tools/arm-none-eabi-gcc/4.8.3-2014q1/bin/../lib/gcc/arm-none-eabi/4.8.3/armv7-m\libgcc.a(_arm_addsubdf3.o)
                0x08003a2c                __aeabi_drsub
                0x08003a34                __aeabi_dsub
                0x08003a34                __subdf3
                0x08003a38                __aeabi_dadd
                0x08003a38                __adddf3
                0x08003cb0                __floatunsidf
                0x08003cb0                __aeabi_ui2d
                0x08003cd0                __floatsidf
                0x08003cd0                __aeabi_i2d
                0x08003cf4                __aeabi_f2d
                0x08003cf4                __extendsfdf2
                0x08003d30                __floatundidf
                0x08003d30                __aeabi_ul2d
                0x08003d40                __floatdidf
                0x08003d40                __aeabi_l2d
 .text          0x08003d9c      0x424 c:/users/skalp/appdata/local/arduino15/packages/arduino/tools/arm-none-eabi-gcc/4.8.3-2014q1/bin/../lib/gcc/arm-none-eabi/4.8.3/armv7-m\libgcc.a(_arm_muldivdf3.o)
                0x08003d9c                __aeabi_dmul
                0x08003d9c                __muldf3
                0x08003ff0                __divdf3
                0x08003ff0                __aeabi_ddiv
 .text          0x080041c0      0x110 c:/users/skalp/appdata/local/arduino15/packages/arduino/tools/arm-none-eabi-gcc/4.8.3-2014q1/bin/../lib/gcc/arm-none-eabi/4.8.3/armv7-m\libgcc.a(_arm_cmpdf2.o)
                0x080041c0                __gtdf2
                0x080041c0                __gedf2
                0x080041c8                __ltdf2
                0x080041c8                __ledf2
                0x080041d0                __nedf2
                0x080041d0                __eqdf2
                0x080041d0                __cmpdf2
                0x0800424c                __aeabi_cdrcmple
                0x0800425c                __aeabi_cdcmpeq
                0x0800425c                __aeabi_cdcmple
                0x0800426c                __aeabi_dcmpeq
                0x08004280                __aeabi_dcmplt
                0x08004294                __aeabi_dcmple
                0x080042a8                __aeabi_dcmpge
                0x080042bc                __aeabi_dcmpgt
 .text          0x080042d0       0x50 c:/users/skalp/appdata/local/arduino15/packages/arduino/tools/arm-none-eabi-gcc/4.8.3-2014q1/bin/../lib/gcc/arm-none-eabi/4.8.3/armv7-m\libgcc.a(_arm_fixdfsi.o)
                0x080042d0                __aeabi_d2iz
                0x080042d0                __fixdfsi
 .text          0x08004320       0x40 c:/users/skalp/appdata/local/arduino15/packages/arduino/tools/arm-none-eabi-gcc/4.8.3-2014q1/bin/../lib/gcc/arm-none-eabi/4.8.3/armv7-m\libgcc.a(_arm_fixunsdfsi.o)
                0x08004320                __aeabi_d2uiz
                0x08004320                __fixunsdfsi
 .text          0x08004360      0x21c c:/users/skalp/appdata/local/arduino15/packages/arduino/tools/arm-none-eabi-gcc/4.8.3-2014q1/bin/../lib/gcc/arm-none-eabi/4.8.3/armv7-m\libgcc.a(_arm_addsubsf3.o)
                0x08004360                __aeabi_frsub
                0x08004368                __subsf3
                0x08004368                __aeabi_fsub
                0x0800436c                __aeabi_fadd
                0x0800436c                __addsf3
                0x080044cc                __aeabi_ui2f
                0x080044cc                __floatunsisf
                0x080044d4                __aeabi_i2f
                0x080044d4                __floatsisf
                0x080044f0                __aeabi_ul2f
                0x080044f0                __floatundisf
                0x08004500                __aeabi_l2f
                0x08004500                __floatdisf
 .text          0x0800457c      0x2a0 c:/users/skalp/appdata/local/arduino15/packages/arduino/tools/arm-none-eabi-gcc/4.8.3-2014q1/bin/../lib/gcc/arm-none-eabi/4.8.3/armv7-m\libgcc.a(_arm_muldivsf3.o)
                0x0800457c                __mulsf3
                0x0800457c                __aeabi_fmul
                0x080046e4                __aeabi_fdiv
                0x080046e4                __divsf3
 .text          0x0800481c       0xec c:/users/skalp/appdata/local/arduino15/packages/arduino/tools/arm-none-eabi-gcc/4.8.3-2014q1/bin/../lib/gcc/arm-none-eabi/4.8.3/armv7-m\libgcc.a(_arm_cmpsf2.o)
                0x0800481c                __gesf2
                0x0800481c                __gtsf2
                0x08004824                __lesf2
                0x08004824                __ltsf2
                0x0800482c                __nesf2
                0x0800482c                __eqsf2
                0x0800482c                __cmpsf2
                0x0800488c                __aeabi_cfrcmple
                0x08004894                __aeabi_cfcmpeq
                0x08004894                __aeabi_cfcmple
                0x080048a4                __aeabi_fcmpeq
                0x080048b8                __aeabi_fcmplt
                0x080048cc                __aeabi_fcmple
                0x080048e0                __aeabi_fcmpge
                0x080048f4                __aeabi_fcmpgt
 .text          0x08004908       0x4c c:/users/skalp/appdata/local/arduino15/packages/arduino/tools/arm-none-eabi-gcc/4.8.3-2014q1/bin/../lib/gcc/arm-none-eabi/4.8.3/armv7-m\libgcc.a(_arm_fixsfsi.o)
                0x08004908                __aeabi_f2iz
                0x08004908                __fixsfsi
 .text          0x08004954       0x2c c:/users/skalp/appdata/local/arduino15/packages/arduino/tools/arm-none-eabi-gcc/4.8.3-2014q1/bin/../lib/gcc/arm-none-eabi/4.8.3/armv7-m\libgcc.a(_aeabi_uldivmod.o)
                0x08004954                __aeabi_uldivmod
 .text          0x08004980       0x30 c:/users/skalp/appdata/local/arduino15/packages/arduino/tools/arm-none-eabi-gcc/4.8.3-2014q1/bin/../lib/gcc/arm-none-eabi/4.8.3/armv7-m\libgcc.a(_fixdfdi.o)
                0x08004980                __fixdfdi
                0x08004980                __aeabi_d2lz
 .text          0x080049b0       0x44 c:/users/skalp/appdata/local/arduino15/packages/arduino/tools/arm-none-eabi-gcc/4.8.3-2014q1/bin/../lib/gcc/arm-none-eabi/4.8.3/armv7-m\libgcc.a(_fixunsdfdi.o)
                0x080049b0                __fixunsdfdi
                0x080049b0                __aeabi_d2ulz
 .text          0x080049f4       0x60 c:/users/skalp/appdata/local/arduino15/packages/arduino/tools/arm-none-eabi-gcc/4.8.3-2014q1/bin/../lib/gcc/arm-none-eabi/4.8.3/armv7-m\libgcc.a(bpabi.o)
                0x080049f4                __gnu_ldivmod_helper
                0x08004a24                __gnu_uldivmod_helper
 .text          0x08004a54        0x4 c:/users/skalp/appdata/local/arduino15/packages/arduino/tools/arm-none-eabi-gcc/4.8.3-2014q1/bin/../lib/gcc/arm-none-eabi/4.8.3/armv7-m\libgcc.a(_dvmd_tls.o)
                0x08004a54                __aeabi_idiv0
                0x08004a54                __aeabi_ldiv0
 .text          0x08004a58      0x2a0 c:/users/skalp/appdata/local/arduino15/packages/arduino/tools/arm-none-eabi-gcc/4.8.3-2014q1/bin/../lib/gcc/arm-none-eabi/4.8.3/armv7-m\libgcc.a(_divdi3.o)
                0x08004a58                __divdi3
 .text          0x08004cf8      0x290 c:/users/skalp/appdata/local/arduino15/packages/arduino/tools/arm-none-eabi-gcc/4.8.3-2014q1/bin/../lib/gcc/arm-none-eabi/4.8.3/armv7-m\libgcc.a(_udivdi3.o)
                0x08004cf8                __udivdi3
 .text.__errno  0x08004f88        0xc c:/users/skalp/appdata/local/arduino15/packages/arduino/tools/arm-none-eabi-gcc/4.8.3-2014q1/bin/../lib/gcc/arm-none-eabi/4.8.3/../../../../arm-none-eabi/lib/armv7-m\libc_s.a(lib_a-errno.o)
                0x08004f88                __errno
 .text.__libc_init_array
                0x08004f94       0x4c c:/users/skalp/appdata/local/arduino15/packages/arduino/tools/arm-none-eabi-gcc/4.8.3-2014q1/bin/../lib/gcc/arm-none-eabi/4.8.3/../../../../arm-none-eabi/lib/armv7-m\libc_s.a(lib_a-init.o)
                0x08004f94                __libc_init_array
 .text.malloc   0x08004fe0       0x10 c:/users/skalp/appdata/local/arduino15/packages/arduino/tools/arm-none-eabi-gcc/4.8.3-2014q1/bin/../lib/gcc/arm-none-eabi/4.8.3/../../../../arm-none-eabi/lib/armv7-m\libc_s.a(lib_a-malloc.o)
                0x08004fe0                malloc
 .text.free     0x08004ff0       0x10 c:/users/skalp/appdata/local/arduino15/packages/arduino/tools/arm-none-eabi-gcc/4.8.3-2014q1/bin/../lib/gcc/arm-none-eabi/4.8.3/../../../../arm-none-eabi/lib/armv7-m\libc_s.a(lib_a-malloc.o)
                0x08004ff0                free
 .text.memcpy   0x08005000       0x12 c:/users/skalp/appdata/local/arduino15/packages/arduino/tools/arm-none-eabi-gcc/4.8.3-2014q1/bin/../lib/gcc/arm-none-eabi/4.8.3/../../../../arm-none-eabi/lib/armv7-m\libc_s.a(lib_a-memcpy-stub.o)
                0x08005000                memcpy
 .text.memmove  0x08005012       0x36 c:/users/skalp/appdata/local/arduino15/packages/arduino/tools/arm-none-eabi-gcc/4.8.3-2014q1/bin/../lib/gcc/arm-none-eabi/4.8.3/../../../../arm-none-eabi/lib/armv7-m\libc_s.a(lib_a-memmove.o)
                0x08005012                memmove
 .text.memset   0x08005048       0x10 c:/users/skalp/appdata/local/arduino15/packages/arduino/tools/arm-none-eabi-gcc/4.8.3-2014q1/bin/../lib/gcc/arm-none-eabi/4.8.3/../../../../arm-none-eabi/lib/armv7-m\libc_s.a(lib_a-memset.o)
                0x08005048                memset
 .text._free_r  0x08005058       0x88 c:/users/skalp/appdata/local/arduino15/packages/arduino/tools/arm-none-eabi-gcc/4.8.3-2014q1/bin/../lib/gcc/arm-none-eabi/4.8.3/../../../../arm-none-eabi/lib/armv7-m\libc_s.a(lib_a-nano-freer.o)
                0x08005058                _free_r
 .text._malloc_r
                0x080050e0       0xa8 c:/users/skalp/appdata/local/arduino15/packages/arduino/tools/arm-none-eabi-gcc/4.8.3-2014q1/bin/../lib/gcc/arm-none-eabi/4.8.3/../../../../arm-none-eabi/lib/armv7-m\libc_s.a(lib_a-nano-mallocr.o)
                0x080050e0                _malloc_r
 .text.realloc  0x08005188       0x14 c:/users/skalp/appdata/local/arduino15/packages/arduino/tools/arm-none-eabi-gcc/4.8.3-2014q1/bin/../lib/gcc/arm-none-eabi/4.8.3/../../../../arm-none-eabi/lib/armv7-m\libc_s.a(lib_a-realloc.o)
                0x08005188                realloc
 .text._sbrk_r  0x0800519c       0x20 c:/users/skalp/appdata/local/arduino15/packages/arduino/tools/arm-none-eabi-gcc/4.8.3-2014q1/bin/../lib/gcc/arm-none-eabi/4.8.3/../../../../arm-none-eabi/lib/armv7-m\libc_s.a(lib_a-sbrkr.o)
                0x0800519c                _sbrk_r
 .text.sprintf  0x080051bc       0x48 c:/users/skalp/appdata/local/arduino15/packages/arduino/tools/arm-none-eabi-gcc/4.8.3-2014q1/bin/../lib/gcc/arm-none-eabi/4.8.3/../../../../arm-none-eabi/lib/armv7-m\libc_s.a(lib_a-sprintf.o)
                0x080051bc                siprintf
                0x080051bc                sprintf
 .text.strcat   0x08005204       0x1a c:/users/skalp/appdata/local/arduino15/packages/arduino/tools/arm-none-eabi-gcc/4.8.3-2014q1/bin/../lib/gcc/arm-none-eabi/4.8.3/../../../../arm-none-eabi/lib/armv7-m\libc_s.a(lib_a-strcat.o)
                0x08005204                strcat
 .text.strcpy   0x0800521e       0x10 c:/users/skalp/appdata/local/arduino15/packages/arduino/tools/arm-none-eabi-gcc/4.8.3-2014q1/bin/../lib/gcc/arm-none-eabi/4.8.3/../../../../arm-none-eabi/lib/armv7-m\libc_s.a(lib_a-strcpy.o)
                0x0800521e                strcpy
 .text.strlen   0x0800522e       0x10 c:/users/skalp/appdata/local/arduino15/packages/arduino/tools/arm-none-eabi-gcc/4.8.3-2014q1/bin/../lib/gcc/arm-none-eabi/4.8.3/../../../../arm-none-eabi/lib/armv7-m\libc_s.a(lib_a-strlen.o)
                0x0800522e                strlen
 .text.__ssputs_r
                0x0800523e       0xb8 c:/users/skalp/appdata/local/arduino15/packages/arduino/tools/arm-none-eabi-gcc/4.8.3-2014q1/bin/../lib/gcc/arm-none-eabi/4.8.3/../../../../arm-none-eabi/lib/armv7-m\libc_s.a(lib_a-svfprintf.o)
                0x0800523e                __ssputs_r
 *fill*         0x080052f6        0x2 
 .text._svfprintf_r
                0x080052f8      0x1d8 c:/users/skalp/appdata/local/arduino15/packages/arduino/tools/arm-none-eabi-gcc/4.8.3-2014q1/bin/../lib/gcc/arm-none-eabi/4.8.3/../../../../arm-none-eabi/lib/armv7-m\libc_s.a(lib_a-svfprintf.o)
                0x080052f8                _svfiprintf_r
                0x080052f8                _svfprintf_r
 .text._printf_common
                0x080054d0       0xe4 c:/users/skalp/appdata/local/arduino15/packages/arduino/tools/arm-none-eabi-gcc/4.8.3-2014q1/bin/../lib/gcc/arm-none-eabi/4.8.3/../../../../arm-none-eabi/lib/armv7-m\libc_s.a(lib_a-vfprintf_i.o)
                0x080054d0                _printf_common
 .text._printf_i
                0x080055b4      0x228 c:/users/skalp/appdata/local/arduino15/packages/arduino/tools/arm-none-eabi-gcc/4.8.3-2014q1/bin/../lib/gcc/arm-none-eabi/4.8.3/../../../../arm-none-eabi/lib/armv7-m\libc_s.a(lib_a-vfprintf_i.o)
                0x080055b4                _printf_i
 .text.memchr   0x080057dc       0x1c c:/users/skalp/appdata/local/arduino15/packages/arduino/tools/arm-none-eabi-gcc/4.8.3-2014q1/bin/../lib/gcc/arm-none-eabi/4.8.3/../../../../arm-none-eabi/lib/armv7-m\libc_s.a(lib_a-memchr-stub.o)
                0x080057dc                memchr
 .text._realloc_r
                0x080057f8       0x4c c:/users/skalp/appdata/local/arduino15/packages/arduino/tools/arm-none-eabi-gcc/4.8.3-2014q1/bin/../lib/gcc/arm-none-eabi/4.8.3/../../../../arm-none-eabi/lib/armv7-m\libc_s.a(lib_a-nano-reallocr.o)
                0x080057f8                _realloc_r
 .text._malloc_usable_size_r
                0x08005844       0x12 c:/users/skalp/appdata/local/arduino15/packages/arduino/tools/arm-none-eabi-gcc/4.8.3-2014q1/bin/../lib/gcc/arm-none-eabi/4.8.3/../../../../arm-none-eabi/lib/armv7-m\libc_s.a(lib_a-nano-msizer.o)
                0x08005844                _malloc_usable_size_r
 *(.plt)
 *(.gnu.warning)
 *(.glue_7t)
 .glue_7t       0x00000000        0x0 linker stubs
 *(.glue_7)
 .glue_7        0x00000000        0x0 linker stubs
 *(.vfp11_veneer)
 .vfp11_veneer  0x00000000        0x0 linker stubs
 *(.ARM.extab* .gnu.linkonce.armextab.*)
 *(.gcc_except_table)
 *(.eh_frame_hdr)
 *(.eh_frame)
 *fill*         0x08005856        0x2 
 .eh_frame      0x08005858        0x0 c:/users/skalp/appdata/local/arduino15/packages/arduino/tools/arm-none-eabi-gcc/4.8.3-2014q1/bin/../lib/gcc/arm-none-eabi/4.8.3/armv7-m/crtbegin.o
                0x08005858                . = ALIGN (0x4)
 *(.init)
 .init          0x08005858        0x4 c:/users/skalp/appdata/local/arduino15/packages/arduino/tools/arm-none-eabi-gcc/4.8.3-2014q1/bin/../lib/gcc/arm-none-eabi/4.8.3/armv7-m/crti.o
                0x08005858                _init
 .init          0x0800585c        0x8 c:/users/skalp/appdata/local/arduino15/packages/arduino/tools/arm-none-eabi-gcc/4.8.3-2014q1/bin/../lib/gcc/arm-none-eabi/4.8.3/armv7-m/crtn.o
                0x08005864                . = ALIGN (0x4)
                0x08005864                __preinit_array_start = .
 *(.preinit_array)
                0x08005864                __preinit_array_end = .
                0x08005864                . = ALIGN (0x4)
                0x08005864                __init_array_start = .
 *(SORT(.init_array.*))
 .init_array.00101
                0x08005864        0x4 C:\Users\skalp\AppData\Local\Temp\arduino\cores\2ec4ba2fe5f9cdf526d35dea110c53c8\core.a(main.cpp.o)
 *(.init_array)
 .init_array    0x08005868        0x4 c:/users/skalp/appdata/local/arduino15/packages/arduino/tools/arm-none-eabi-gcc/4.8.3-2014q1/bin/../lib/gcc/arm-none-eabi/4.8.3/armv7-m/crtbegin.o
 .init_array    0x0800586c        0x4 C:\Users\skalp\AppData\Local\Temp\arduino\sketches\C992900473494E199A76976220CAE62A\sketch\sketch_jul11c.ino.cpp.o
 .init_array    0x08005870        0x4 C:\Users\skalp\AppData\Local\Temp\arduino\sketches\C992900473494E199A76976220CAE62A\core\board.cpp.o
 .init_array    0x08005874        0x4 C:\Users\skalp\AppData\Local\Temp\arduino\cores\2ec4ba2fe5f9cdf526d35dea110c53c8\core.a(usb_serial.cpp.o)
                0x08005878                __init_array_end = .
                0x08005878                . = ALIGN (0x4)
 *crtbegin.o(.ctors)
 *(EXCLUDE_FILE(*crtend.o) .ctors)
 *(SORT(.ctors.*))
 *crtend.o(.ctors)
                0x08005878                . = ALIGN (0x4)
 *(.fini)
 .fini          0x08005878        0x4 c:/users/skalp/appdata/local/arduino15/packages/arduino/tools/arm-none-eabi-gcc/4.8.3-2014q1/bin/../lib/gcc/arm-none-eabi/4.8.3/armv7-m/crti.o
                0x08005878                _fini
 .fini          0x0800587c        0x8 c:/users/skalp/appdata/local/arduino15/packages/arduino/tools/arm-none-eabi-gcc/4.8.3-2014q1/bin/../lib/gcc/arm-none-eabi/4.8.3/armv7-m/crtn.o
                0x08005884                . = ALIGN (0x4)
                0x08005884                __fini_array_start = .
 *(.fini_array)
 .fini_array    0x08005884        0x4 c:/users/skalp/appdata/local/arduino15/packages/arduino/tools/arm-none-eabi-gcc/4.8.3-2014q1/bin/../lib/gcc/arm-none-eabi/4.8.3/armv7-m/crtbegin.o
 .fini_array    0x08005888        0x4 C:\Users\skalp\AppData\Local\Temp\arduino\sketches\C992900473494E199A76976220CAE62A\sketch\sketch_jul11c.ino.cpp.o
 *(SORT(.fini_array.*))
                0x0800588c                __fini_array_end = .
 *crtbegin.o(.dtors)
 *(EXCLUDE_FILE(*crtend.o) .dtors)
 *(SORT(.dtors.*))
 *crtend.o(.dtors)

.v4_bx          0x0800588c        0x0
 .v4_bx         0x00000000        0x0 linker stubs

.iplt           0x0800588c        0x0
 .iplt          0x00000000        0x0 c:/users/skalp/appdata/local/arduino15/packages/arduino/tools/arm-none-eabi-gcc/4.8.3-2014q1/bin/../lib/gcc/arm-none-eabi/4.8.3/armv7-m/crtbegin.o

.text.align     0x0800588c        0x4
                0x08005890                . = ALIGN (0x8)
 *fill*         0x0800588c        0x4 
                0x08005890                __text_end__ = .
                0x08005890                __exidx_start = .

.ARM.exidx      0x08005890        0x8
 *(.ARM.exidx* .gnu.linkonce.armexidx.*)
 .ARM.exidx     0x08005890        0x8 C:\Users\skalp\AppData\Local\Temp\arduino\sketches\C992900473494E199A76976220CAE62A\core\wirish\start.S.o
 .ARM.exidx     0x08005898        0x0 c:/users/skalp/appdata/local/arduino15/packages/arduino/tools/arm-none-eabi-gcc/4.8.3-2014q1/bin/../lib/gcc/arm-none-eabi/4.8.3/armv7-m\libgcc.a(_divdi3.o)
                                  0x8 (size before relaxing)
 .ARM.exidx     0x08005898        0x0 c:/users/skalp/appdata/local/arduino15/packages/arduino/tools/arm-none-eabi-gcc/4.8.3-2014q1/bin/../lib/gcc/arm-none-eabi/4.8.3/armv7-m\libgcc.a(_udivdi3.o)
                                  0x8 (size before relaxing)
                0x08005898                __exidx_end = .

.data           0x20000000      0x4c8 load address 0x08005898
                0x20000000                __data_start__ = .
                0x20000000        0x4 LONG 0x0
                0x20000008                . = ALIGN (0x8)
 *fill*         0x20000004        0x4 
 *(.got.plt)
 *(.got)
 *(.data .data.* .gnu.linkonce.d.*)
 .data._ZN6wirish4privL8pll_dataE
                0x20000008        0x4 C:\Users\skalp\AppData\Local\Temp\arduino\sketches\C992900473494E199A76976220CAE62A\core\wirish\boards_setup.cpp.o
 .data._ZN6wirish4priv9w_adc_smpE
                0x2000000c        0x1 C:\Users\skalp\AppData\Local\Temp\arduino\sketches\C992900473494E199A76976220CAE62A\core\wirish\boards_setup.cpp.o
                0x2000000c                wirish::priv::w_adc_smp
 *fill*         0x2000000d        0x1 
 .data._ZN6wirish4priv9w_adc_preE
                0x2000000e        0x2 C:\Users\skalp\AppData\Local\Temp\arduino\sketches\C992900473494E199A76976220CAE62A\core\wirish\boards_setup.cpp.o
                0x2000000e                wirish::priv::w_adc_pre
 .data._ZN6wirish4priv15w_board_pll_cfgE
                0x20000010        0x8 C:\Users\skalp\AppData\Local\Temp\arduino\sketches\C992900473494E199A76976220CAE62A\core\wirish\boards_setup.cpp.o
                0x20000010                wirish::priv::w_board_pll_cfg
 .data.adc2     0x20000018        0x8 C:\Users\skalp\AppData\Local\Temp\arduino\cores\2ec4ba2fe5f9cdf526d35dea110c53c8\core.a(adc_f1.c.o)
                0x20000018                adc2
 .data.adc1     0x20000020       0x18 C:\Users\skalp\AppData\Local\Temp\arduino\cores\2ec4ba2fe5f9cdf526d35dea110c53c8\core.a(adc_f1.c.o)
                0x20000020                adc1
 .data.ADC2     0x20000038        0x4 C:\Users\skalp\AppData\Local\Temp\arduino\cores\2ec4ba2fe5f9cdf526d35dea110c53c8\core.a(adc_f1.c.o)
                0x20000038                ADC2
 .data.ADC1     0x2000003c        0x4 C:\Users\skalp\AppData\Local\Temp\arduino\cores\2ec4ba2fe5f9cdf526d35dea110c53c8\core.a(adc_f1.c.o)
                0x2000003c                ADC1
 .data.dma1     0x20000040       0x40 C:\Users\skalp\AppData\Local\Temp\arduino\cores\2ec4ba2fe5f9cdf526d35dea110c53c8\core.a(dma_f1.c.o)
 .data.DMA1     0x20000080        0x4 C:\Users\skalp\AppData\Local\Temp\arduino\cores\2ec4ba2fe5f9cdf526d35dea110c53c8\core.a(dma_f1.c.o)
                0x20000080                DMA1
 .data.gpioa    0x20000084        0x8 C:\Users\skalp\AppData\Local\Temp\arduino\cores\2ec4ba2fe5f9cdf526d35dea110c53c8\core.a(gpio_f1.c.o)
                0x20000084                gpioa
 .data.gpiob    0x2000008c        0x8 C:\Users\skalp\AppData\Local\Temp\arduino\cores\2ec4ba2fe5f9cdf526d35dea110c53c8\core.a(gpio_f1.c.o)
                0x2000008c                gpiob
 .data.gpioc    0x20000094        0x8 C:\Users\skalp\AppData\Local\Temp\arduino\cores\2ec4ba2fe5f9cdf526d35dea110c53c8\core.a(gpio_f1.c.o)
                0x20000094                gpioc
 .data.gpiod    0x2000009c        0x8 C:\Users\skalp\AppData\Local\Temp\arduino\cores\2ec4ba2fe5f9cdf526d35dea110c53c8\core.a(gpio_f1.c.o)
                0x2000009c                gpiod
 .data.i2c1     0x200000a4       0x38 C:\Users\skalp\AppData\Local\Temp\arduino\cores\2ec4ba2fe5f9cdf526d35dea110c53c8\core.a(i2c_f1.c.o)
 .data.i2c2     0x200000dc       0x38 C:\Users\skalp\AppData\Local\Temp\arduino\cores\2ec4ba2fe5f9cdf526d35dea110c53c8\core.a(i2c_f1.c.o)
 .data.enable_regs.4411
                0x20000114        0xc C:\Users\skalp\AppData\Local\Temp\arduino\cores\2ec4ba2fe5f9cdf526d35dea110c53c8\core.a(rcc_f1.c.o)
 .data.reset_regs.4415
                0x20000120        0x8 C:\Users\skalp\AppData\Local\Temp\arduino\cores\2ec4ba2fe5f9cdf526d35dea110c53c8\core.a(rcc_f1.c.o)
 .data.enable_regs.4424
                0x20000128        0xc C:\Users\skalp\AppData\Local\Temp\arduino\cores\2ec4ba2fe5f9cdf526d35dea110c53c8\core.a(rcc_f1.c.o)
 .data.timer3   0x20000134       0x24 C:\Users\skalp\AppData\Local\Temp\arduino\cores\2ec4ba2fe5f9cdf526d35dea110c53c8\core.a(timer.c.o)
                0x20000134                timer3
 .data.timer4   0x20000158       0x24 C:\Users\skalp\AppData\Local\Temp\arduino\cores\2ec4ba2fe5f9cdf526d35dea110c53c8\core.a(timer.c.o)
                0x20000158                timer4
 .data.timer1   0x2000017c       0x28 C:\Users\skalp\AppData\Local\Temp\arduino\cores\2ec4ba2fe5f9cdf526d35dea110c53c8\core.a(timer.c.o)
                0x2000017c                timer1
 .data.timer2   0x200001a4       0x24 C:\Users\skalp\AppData\Local\Temp\arduino\cores\2ec4ba2fe5f9cdf526d35dea110c53c8\core.a(timer.c.o)
                0x200001a4                timer2
 .data.USART1   0x200001c8        0x4 C:\Users\skalp\AppData\Local\Temp\arduino\cores\2ec4ba2fe5f9cdf526d35dea110c53c8\core.a(usart_f1.c.o)
                0x200001c8                USART1
 .data.USART2   0x200001cc        0x4 C:\Users\skalp\AppData\Local\Temp\arduino\cores\2ec4ba2fe5f9cdf526d35dea110c53c8\core.a(usart_f1.c.o)
                0x200001cc                USART2
 .data.USART3   0x200001d0        0x4 C:\Users\skalp\AppData\Local\Temp\arduino\cores\2ec4ba2fe5f9cdf526d35dea110c53c8\core.a(usart_f1.c.o)
                0x200001d0                USART3
 .data.usart1   0x200001d4       0x94 C:\Users\skalp\AppData\Local\Temp\arduino\cores\2ec4ba2fe5f9cdf526d35dea110c53c8\core.a(usart_f1.c.o)
 .data.usart2   0x20000268       0x94 C:\Users\skalp\AppData\Local\Temp\arduino\cores\2ec4ba2fe5f9cdf526d35dea110c53c8\core.a(usart_f1.c.o)
 .data.usart3   0x200002fc       0x94 C:\Users\skalp\AppData\Local\Temp\arduino\cores\2ec4ba2fe5f9cdf526d35dea110c53c8\core.a(usart_f1.c.o)
 .data.USBLIB   0x20000390        0x4 C:\Users\skalp\AppData\Local\Temp\arduino\cores\2ec4ba2fe5f9cdf526d35dea110c53c8\core.a(usb.c.o)
                0x20000390                USBLIB
 .data.usblib   0x20000394       0x10 C:\Users\skalp\AppData\Local\Temp\arduino\cores\2ec4ba2fe5f9cdf526d35dea110c53c8\core.a(usb.c.o)
 .data.Config_Descriptor
                0x200003a4        0x8 C:\Users\skalp\AppData\Local\Temp\arduino\cores\2ec4ba2fe5f9cdf526d35dea110c53c8\core.a(usb_cdcacm.c.o)
 .data.Device_Property
                0x200003ac       0x30 C:\Users\skalp\AppData\Local\Temp\arduino\cores\2ec4ba2fe5f9cdf526d35dea110c53c8\core.a(usb_cdcacm.c.o)
                0x200003ac                Device_Property
 .data.ep_int_in
                0x200003dc       0x1c C:\Users\skalp\AppData\Local\Temp\arduino\cores\2ec4ba2fe5f9cdf526d35dea110c53c8\core.a(usb_cdcacm.c.o)
 .data.String_Descriptor
                0x200003f8       0x18 C:\Users\skalp\AppData\Local\Temp\arduino\cores\2ec4ba2fe5f9cdf526d35dea110c53c8\core.a(usb_cdcacm.c.o)
 .data.ep_int_out
                0x20000410       0x1c C:\Users\skalp\AppData\Local\Temp\arduino\cores\2ec4ba2fe5f9cdf526d35dea110c53c8\core.a(usb_cdcacm.c.o)
 .data.line_coding
                0x2000042c        0x7 C:\Users\skalp\AppData\Local\Temp\arduino\cores\2ec4ba2fe5f9cdf526d35dea110c53c8\core.a(usb_cdcacm.c.o)
 *fill*         0x20000433        0x1 
 .data.User_Standard_Requests
                0x20000434       0x24 C:\Users\skalp\AppData\Local\Temp\arduino\cores\2ec4ba2fe5f9cdf526d35dea110c53c8\core.a(usb_cdcacm.c.o)
                0x20000434                User_Standard_Requests
 .data.Device_Descriptor
                0x20000458        0x8 C:\Users\skalp\AppData\Local\Temp\arduino\cores\2ec4ba2fe5f9cdf526d35dea110c53c8\core.a(usb_cdcacm.c.o)
 .data.Device_Table
                0x20000460        0x2 C:\Users\skalp\AppData\Local\Temp\arduino\cores\2ec4ba2fe5f9cdf526d35dea110c53c8\core.a(usb_cdcacm.c.o)
                0x20000460                Device_Table
 *fill*         0x20000462        0x2 
 .data.impure_data
                0x20000464       0x60 c:/users/skalp/appdata/local/arduino15/packages/arduino/tools/arm-none-eabi-gcc/4.8.3-2014q1/bin/../lib/gcc/arm-none-eabi/4.8.3/../../../../arm-none-eabi/lib/armv7-m\libc_s.a(lib_a-impure.o)
 .data._impure_ptr
                0x200004c4        0x4 c:/users/skalp/appdata/local/arduino15/packages/arduino/tools/arm-none-eabi-gcc/4.8.3-2014q1/bin/../lib/gcc/arm-none-eabi/4.8.3/../../../../arm-none-eabi/lib/armv7-m\libc_s.a(lib_a-impure.o)
                0x200004c4                _impure_ptr
                0x200004c8                . = ALIGN (0x8)
                0x200004c8                __data_end__ = .

.jcr            0x200004c8        0x0 load address 0x08005d60
 .jcr           0x200004c8        0x0 c:/users/skalp/appdata/local/arduino15/packages/arduino/tools/arm-none-eabi-gcc/4.8.3-2014q1/bin/../lib/gcc/arm-none-eabi/4.8.3/armv7-m/crtbegin.o

.igot.plt       0x200004c8        0x0 load address 0x08005d60
 .igot.plt      0x00000000        0x0 c:/users/skalp/appdata/local/arduino15/packages/arduino/tools/arm-none-eabi-gcc/4.8.3-2014q1/bin/../lib/gcc/arm-none-eabi/4.8.3/armv7-m/crtbegin.o

.rodata         0x08005d60      0x484
 *(.rodata .rodata.* .gnu.linkonce.r.*)
 .rodata.str1.1
                0x08005d60       0x77 C:\Users\skalp\AppData\Local\Temp\arduino\sketches\C992900473494E199A76976220CAE62A\sketch\sketch_jul11c.ino.cpp.o
 *fill*         0x08005dd7        0x1 
 .rodata._ZTV13LiquidCrystal
                0x08005dd8       0x18 C:\Users\skalp\AppData\Local\Temp\arduino\sketches\C992900473494E199A76976220CAE62A\libraries\LiquidCrystal\LiquidCrystal.cpp.o
                0x08005dd8                vtable for LiquidCrystal
 .rodata._ZTV5HX711
                0x08005df0       0x10 C:\Users\skalp\AppData\Local\Temp\arduino\sketches\C992900473494E199A76976220CAE62A\libraries\HX711_Arduino_Library\HX711.cpp.o
                0x08005df0                vtable for HX711
 .rodata        0x08005e00        0xc C:\Users\skalp\AppData\Local\Temp\arduino\sketches\C992900473494E199A76976220CAE62A\libraries\TM1637_6D-master\TM1637_6D.cpp.o
 .rodata.str1.1
                0x08005e0c        0x7 C:\Users\skalp\AppData\Local\Temp\arduino\sketches\C992900473494E199A76976220CAE62A\libraries\TM1637_6D-master\TM1637_6D.cpp.o
                                  0x8 (size before relaxing)
 .rodata._ZL7TubeTab
                0x08005e13        0xc C:\Users\skalp\AppData\Local\Temp\arduino\sketches\C992900473494E199A76976220CAE62A\libraries\TM1637_6D-master\TM1637_6D.cpp.o
 *fill*         0x08005e1f        0x1 
 .rodata.PIN_MAP
                0x08005e20      0x230 C:\Users\skalp\AppData\Local\Temp\arduino\sketches\C992900473494E199A76976220CAE62A\core\board.cpp.o
                0x08005e20                PIN_MAP
 .rodata._ZTV14HardwareSerial
                0x08006050       0x28 C:\Users\skalp\AppData\Local\Temp\arduino\cores\2ec4ba2fe5f9cdf526d35dea110c53c8\core.a(HardwareSerial.cpp.o)
                0x08006050                vtable for HardwareSerial
 .rodata.str1.1
                0x08006078        0xf C:\Users\skalp\AppData\Local\Temp\arduino\cores\2ec4ba2fe5f9cdf526d35dea110c53c8\core.a(Print.cpp.o)
                                 0x11 (size before relaxing)
 .rodata.str1.1
                0x08006087        0xb C:\Users\skalp\AppData\Local\Temp\arduino\cores\2ec4ba2fe5f9cdf526d35dea110c53c8\core.a(dtostrf.c.o)
                                 0x15 (size before relaxing)
 *fill*         0x08006092        0x2 
 .rodata.GPIOC  0x08006094        0x4 C:\Users\skalp\AppData\Local\Temp\arduino\cores\2ec4ba2fe5f9cdf526d35dea110c53c8\core.a(gpio_f1.c.o)
                0x08006094                GPIOC
 .rodata.rcc_dev_table
                0x08006098       0x5c C:\Users\skalp\AppData\Local\Temp\arduino\cores\2ec4ba2fe5f9cdf526d35dea110c53c8\core.a(rcc_f1.c.o)
                0x08006098                rcc_dev_table
 .rodata.masks.4420
                0x080060f4       0x14 C:\Users\skalp\AppData\Local\Temp\arduino\cores\2ec4ba2fe5f9cdf526d35dea110c53c8\core.a(rcc_f1.c.o)
 .rodata.usbVcomDescriptor_iProduct
                0x08006108        0xc C:\Users\skalp\AppData\Local\Temp\arduino\cores\2ec4ba2fe5f9cdf526d35dea110c53c8\core.a(usb_cdcacm.c.o)
 .rodata.usbVcomDescriptor_iManufacturer
                0x08006114       0x12 C:\Users\skalp\AppData\Local\Temp\arduino\cores\2ec4ba2fe5f9cdf526d35dea110c53c8\core.a(usb_cdcacm.c.o)
 .rodata.usbVcomDescriptor_Device
                0x08006126       0x12 C:\Users\skalp\AppData\Local\Temp\arduino\cores\2ec4ba2fe5f9cdf526d35dea110c53c8\core.a(usb_cdcacm.c.o)
 .rodata.usbVcomDescriptor_Config
                0x08006138       0x43 C:\Users\skalp\AppData\Local\Temp\arduino\cores\2ec4ba2fe5f9cdf526d35dea110c53c8\core.a(usb_cdcacm.c.o)
 .rodata.usbVcomDescriptor_LangID
                0x0800617b        0x4 C:\Users\skalp\AppData\Local\Temp\arduino\cores\2ec4ba2fe5f9cdf526d35dea110c53c8\core.a(usb_cdcacm.c.o)
 *fill*         0x0800617f        0x1 
 .rodata._ZTV9USBSerial
                0x08006180       0x28 C:\Users\skalp\AppData\Local\Temp\arduino\cores\2ec4ba2fe5f9cdf526d35dea110c53c8\core.a(usb_serial.cpp.o)
                0x08006180                vtable for USBSerial
 .rodata.str1.1
                0x080061a8        0x2 c:/users/skalp/appdata/local/arduino15/packages/arduino/tools/arm-none-eabi-gcc/4.8.3-2014q1/bin/../lib/gcc/arm-none-eabi/4.8.3/../../../../arm-none-eabi/lib/armv7-m\libc_s.a(lib_a-impure.o)
 .rodata.str1.1
                0x080061aa       0x11 c:/users/skalp/appdata/local/arduino15/packages/arduino/tools/arm-none-eabi-gcc/4.8.3-2014q1/bin/../lib/gcc/arm-none-eabi/4.8.3/../../../../arm-none-eabi/lib/armv7-m\libc_s.a(lib_a-svfprintf.o)
 .rodata.str1.1